Component: ARM Compiler 5.06 update 5 (build 528) Tool: armlink [4d35e2]

==============================================================================

Section Cross References

    startup_stm32h743xx.o(RESET) refers to startup_stm32h743xx.o(STACK) for __initial_sp
    startup_stm32h743xx.o(RESET) refers to startup_stm32h743xx.o(.text) for Reset_Handler
    startup_stm32h743xx.o(RESET) refers to stm32h7xx_it.o(i.NMI_Handler) for NMI_Handler
    startup_stm32h743xx.o(RESET) refers to stm32h7xx_it.o(i.HardFault_Handler) for HardFault_Handler
    startup_stm32h743xx.o(RESET) refers to stm32h7xx_it.o(i.MemManage_Handler) for MemManage_Handler
    startup_stm32h743xx.o(RESET) refers to stm32h7xx_it.o(i.BusFault_Handler) for BusFault_Handler
    startup_stm32h743xx.o(RESET) refers to stm32h7xx_it.o(i.UsageFault_Handler) for UsageFault_Handler
    startup_stm32h743xx.o(RESET) refers to port.o(.emb_text) for SVC_Handler
    startup_stm32h743xx.o(RESET) refers to stm32h7xx_it.o(i.DebugMon_Handler) for DebugMon_Handler
    startup_stm32h743xx.o(RESET) refers to cmsis_os2.o(i.SysTick_Handler) for SysTick_Handler
    startup_stm32h743xx.o(RESET) refers to stm32h7xx_it.o(i.USART2_IRQHandler) for USART2_IRQHandler
    startup_stm32h743xx.o(RESET) refers to stm32h7xx_it.o(i.USART3_IRQHandler) for USART3_IRQHandler
    startup_stm32h743xx.o(RESET) refers to stm32h7xx_it.o(i.TIM7_IRQHandler) for TIM7_IRQHandler
    startup_stm32h743xx.o(.text) refers to system_stm32h7xx.o(i.ExitRun0Mode) for ExitRun0Mode
    startup_stm32h743xx.o(.text) refers to system_stm32h7xx.o(i.SystemInit) for SystemInit
    startup_stm32h743xx.o(.text) refers to entry.o(.ARM.Collect$$$$00000000) for __main
    main.o(i.HAL_TIM_PeriodElapsedCallback) refers to stm32h7xx_hal.o(i.HAL_IncTick) for HAL_IncTick
    main.o(i.MPU_Config) refers to stm32h7xx_hal_cortex.o(i.HAL_MPU_Disable) for HAL_MPU_Disable
    main.o(i.MPU_Config) refers to stm32h7xx_hal_cortex.o(i.HAL_MPU_ConfigRegion) for HAL_MPU_ConfigRegion
    main.o(i.MPU_Config) refers to stm32h7xx_hal_cortex.o(i.HAL_MPU_Enable) for HAL_MPU_Enable
    main.o(i.PeriphCommonClock_Config) refers to memseta.o(.text) for __aeabi_memclr4
    main.o(i.PeriphCommonClock_Config) refers to stm32h7xx_hal_rcc_ex.o(i.HAL_RCCEx_PeriphCLKConfig) for HAL_RCCEx_PeriphCLKConfig
    main.o(i.PeriphCommonClock_Config) refers to main.o(i.Error_Handler) for Error_Handler
    main.o(i.SystemClock_Config) refers to memseta.o(.text) for __aeabi_memclr4
    main.o(i.SystemClock_Config) refers to stm32h7xx_hal_pwr_ex.o(i.HAL_PWREx_ConfigSupply) for HAL_PWREx_ConfigSupply
    main.o(i.SystemClock_Config) refers to stm32h7xx_hal_rcc.o(i.HAL_RCC_OscConfig) for HAL_RCC_OscConfig
    main.o(i.SystemClock_Config) refers to main.o(i.Error_Handler) for Error_Handler
    main.o(i.SystemClock_Config) refers to stm32h7xx_hal_rcc.o(i.HAL_RCC_ClockConfig) for HAL_RCC_ClockConfig
    main.o(i.main) refers to main.o(i.MPU_Config) for MPU_Config
    main.o(i.main) refers to stm32h7xx_hal.o(i.HAL_Init) for HAL_Init
    main.o(i.main) refers to main.o(i.SystemClock_Config) for SystemClock_Config
    main.o(i.main) refers to main.o(i.PeriphCommonClock_Config) for PeriphCommonClock_Config
    main.o(i.main) refers to gpio.o(i.MX_GPIO_Init) for MX_GPIO_Init
    main.o(i.main) refers to spi.o(i.MX_SPI1_Init) for MX_SPI1_Init
    main.o(i.main) refers to usart.o(i.MX_USART1_UART_Init) for MX_USART1_UART_Init
    main.o(i.main) refers to usart.o(i.MX_USART3_UART_Init) for MX_USART3_UART_Init
    main.o(i.main) refers to adc.o(i.MX_ADC1_Init) for MX_ADC1_Init
    main.o(i.main) refers to usart.o(i.MX_USART2_UART_Init) for MX_USART2_UART_Init
    main.o(i.main) refers to tim.o(i.MX_TIM1_Init) for MX_TIM1_Init
    main.o(i.main) refers to i2c.o(i.MX_I2C1_Init) for MX_I2C1_Init
    main.o(i.main) refers to tim.o(i.MX_TIM3_Init) for MX_TIM3_Init
    main.o(i.main) refers to l431_uart.o(i.App_UART_Init) for App_UART_Init
    main.o(i.main) refers to servo.o(i.Servo_Init) for Servo_Init
    main.o(i.main) refers to printfa.o(i.__0printf) for __2printf
    main.o(i.main) refers to mpu6050.o(i.MPU_Init) for MPU_Init
    main.o(i.main) refers to inv_mpu.o(i.mpu_dmp_init) for mpu_dmp_init
    main.o(i.main) refers to balance.o(i.Balance_Init) for Balance_Init
    main.o(i.main) refers to cmsis_os2.o(i.osKernelInitialize) for osKernelInitialize
    main.o(i.main) refers to freertos.o(i.MX_FREERTOS_Init) for MX_FREERTOS_Init
    main.o(i.main) refers to cmsis_os2.o(i.osKernelStart) for osKernelStart
    gpio.o(i.MX_GPIO_Init) refers to memseta.o(.text) for __aeabi_memclr4
    gpio.o(i.MX_GPIO_Init) refers to stm32h7xx_hal_gpio.o(i.HAL_GPIO_WritePin) for HAL_GPIO_WritePin
    gpio.o(i.MX_GPIO_Init) refers to stm32h7xx_hal_gpio.o(i.HAL_GPIO_Init) for HAL_GPIO_Init
    freertos.o(i.MX_FREERTOS_Init) refers to queue.o(i.xQueueGenericCreate) for xQueueGenericCreate
    freertos.o(i.MX_FREERTOS_Init) refers to cmsis_os2.o(i.osThreadNew) for osThreadNew
[...]
    VL53L1_init_version                      0x0800cbc1   Thumb Code    28  vl53l1_core.o(i.VL53L1_init_version)
    VL53L1_init_xtalk_config_struct          0x0800cbdd   Thumb Code   102  vl53l1_api_preset_modes.o(i.VL53L1_init_xtalk_config_struct)
    VL53L1_low_power_auto_data_init          0x0800cc43   Thumb Code    52  vl53l1_core.o(i.VL53L1_low_power_auto_data_init)
    VL53L1_low_power_auto_data_stop_range    0x0800cc77   Thumb Code    80  vl53l1_core.o(i.VL53L1_low_power_auto_data_stop_range)
    VL53L1_low_power_auto_setup_manual_calibration 0x0800ccc7   Thumb Code    98  vl53l1_core.o(i.VL53L1_low_power_auto_setup_manual_calibration)
    VL53L1_low_power_auto_update_DSS         0x0800cd29   Thumb Code   158  vl53l1_core.o(i.VL53L1_low_power_auto_update_DSS)
    VL53L1_poll_for_range_completion         0x0800cdc7   Thumb Code    66  vl53l1_wait.o(i.VL53L1_poll_for_range_completion)
    VL53L1_preset_mode_low_power_auto_long_ranging 0x0800ce09   Thumb Code    60  vl53l1_api_preset_modes.o(i.VL53L1_preset_mode_low_power_auto_long_ranging)
    VL53L1_preset_mode_low_power_auto_ranging 0x0800ce45   Thumb Code    60  vl53l1_api_preset_modes.o(i.VL53L1_preset_mode_low_power_auto_ranging)
    VL53L1_preset_mode_low_power_auto_short_ranging 0x0800ce81   Thumb Code    60  vl53l1_api_preset_modes.o(i.VL53L1_preset_mode_low_power_auto_short_ranging)
    VL53L1_preset_mode_olt                   0x0800cebd   Thumb Code    48  vl53l1_api_preset_modes.o(i.VL53L1_preset_mode_olt)
    VL53L1_preset_mode_singleshot_ranging    0x0800ceed   Thumb Code    78  vl53l1_api_preset_modes.o(i.VL53L1_preset_mode_singleshot_ranging)
    VL53L1_preset_mode_standard_ranging      0x0800cf3b   Thumb Code   314  vl53l1_api_preset_modes.o(i.VL53L1_preset_mode_standard_ranging)
    VL53L1_preset_mode_standard_ranging_long_range 0x0800d075   Thumb Code    84  vl53l1_api_preset_modes.o(i.VL53L1_preset_mode_standard_ranging_long_range)
    VL53L1_preset_mode_standard_ranging_mm1_cal 0x0800d0c9   Thumb Code    52  vl53l1_api_preset_modes.o(i.VL53L1_preset_mode_standard_ranging_mm1_cal)
    VL53L1_preset_mode_standard_ranging_mm2_cal 0x0800d0fd   Thumb Code    52  vl53l1_api_preset_modes.o(i.VL53L1_preset_mode_standard_ranging_mm2_cal)
    VL53L1_preset_mode_standard_ranging_short_range 0x0800d131   Thumb Code    84  vl53l1_api_preset_modes.o(i.VL53L1_preset_mode_standard_ranging_short_range)
    VL53L1_preset_mode_timed_ranging         0x0800d185   Thumb Code    84  vl53l1_api_preset_modes.o(i.VL53L1_preset_mode_timed_ranging)
    VL53L1_preset_mode_timed_ranging_long_range 0x0800d1d9   Thumb Code    84  vl53l1_api_preset_modes.o(i.VL53L1_preset_mode_timed_ranging_long_range)
    VL53L1_preset_mode_timed_ranging_short_range 0x0800d22d   Thumb Code    86  vl53l1_api_preset_modes.o(i.VL53L1_preset_mode_timed_ranging_short_range)
    VL53L1_read_p2p_data                     0x0800d283   Thumb Code   156  vl53l1_api_core.o(i.VL53L1_read_p2p_data)
    VL53L1_set_inter_measurement_period_ms   0x0800d31f   Thumb Code    42  vl53l1_api_core.o(i.VL53L1_set_inter_measurement_period_ms)
    VL53L1_set_lite_min_count_rate           0x0800d349   Thumb Code    16  vl53l1_api_core.o(i.VL53L1_set_lite_min_count_rate)
    VL53L1_set_lite_sigma_threshold          0x0800d359   Thumb Code    16  vl53l1_api_core.o(i.VL53L1_set_lite_sigma_threshold)
    VL53L1_set_preset_mode                   0x0800d369   Thumb Code   474  vl53l1_api_core.o(i.VL53L1_set_preset_mode)
    VL53L1_set_system_control                0x0800d543   Thumb Code    42  vl53l1_register_funcs.o(i.VL53L1_set_system_control)
    VL53L1_set_timeouts_us                   0x0800d56d   Thumb Code    80  vl53l1_api_core.o(i.VL53L1_set_timeouts_us)
    VL53L1_set_user_zone                     0x0800d5bd   Thumb Code    42  vl53l1_api_core.o(i.VL53L1_set_user_zone)
    VL53L1_set_vhv_loopbound                 0x0800d5e7   Thumb Code    32  vl53l1_api_core.o(i.VL53L1_set_vhv_loopbound)
    VL53L1_stop_range                        0x0800d607   Thumb Code    84  vl53l1_api_core.o(i.VL53L1_stop_range)
    VL53L1_update_ll_driver_cfg_state        0x0800d65b   Thumb Code   130  vl53l1_core.o(i.VL53L1_update_ll_driver_cfg_state)
    VL53L1_update_ll_driver_rd_state         0x0800d6dd   Thumb Code   172  vl53l1_core.o(i.VL53L1_update_ll_driver_rd_state)
    __0printf                                0x0800d789   Thumb Code    22  printfa.o(i.__0printf)
    __1printf                                0x0800d789   Thumb Code     0  printfa.o(i.__0printf)
    __2printf                                0x0800d789   Thumb Code     0  printfa.o(i.__0printf)
    __c89printf                              0x0800d789   Thumb Code     0  printfa.o(i.__0printf)
    printf                                   0x0800d789   Thumb Code     0  printfa.o(i.__0printf)
    __0sprintf                               0x0800d7a9   Thumb Code    34  printfa.o(i.__0sprintf)
    __1sprintf                               0x0800d7a9   Thumb Code     0  printfa.o(i.__0sprintf)
    __2sprintf                               0x0800d7a9   Thumb Code     0  printfa.o(i.__0sprintf)
    __c89sprintf                             0x0800d7a9   Thumb Code     0  printfa.o(i.__0sprintf)
    sprintf                                  0x0800d7a9   Thumb Code     0  printfa.o(i.__0sprintf)
    __ARM_fpclassify                         0x0800d7d1   Thumb Code    48  fpclassify.o(i.__ARM_fpclassify)
    __hardfp_asin                            0x0800d841   Thumb Code   432  asin.o(i.__hardfp_asin)
    __hardfp_atan                            0x0800da49   Thumb Code   402  atan.o(i.__hardfp_atan)
    __hardfp_atan2                           0x0800dc49   Thumb Code   380  atan2.o(i.__hardfp_atan2)
    __hardfp_sqrtf                           0x0800de09   Thumb Code    58  sqrtf.o(i.__hardfp_sqrtf)
    __kernel_poly                            0x0800de43   Thumb Code   112  poly.o(i.__kernel_poly)
    __mathlib_dbl_infnan                     0x0800deb3   Thumb Code     6  dunder.o(i.__mathlib_dbl_infnan)
    __mathlib_dbl_infnan2                    0x0800deb9   Thumb Code     6  dunder.o(i.__mathlib_dbl_infnan2)
    __mathlib_dbl_invalid                    0x0800dec1   Thumb Code    10  dunder.o(i.__mathlib_dbl_invalid)
    __mathlib_dbl_underflow                  0x0800ded9   Thumb Code    10  dunder.o(i.__mathlib_dbl_underflow)
    __scatterload_copy                       0x0800def1   Thumb Code    14  handlers.o(i.__scatterload_copy)
    __scatterload_null                       0x0800deff   Thumb Code     2  handlers.o(i.__scatterload_null)
    __scatterload_zeroinit                   0x0800df01   Thumb Code    14  handlers.o(i.__scatterload_zeroinit)
    __set_errno                              0x0800df11   Thumb Code     6  errno.o(i.__set_errno)
    atan                                     0x0800e899   Thumb Code    16  atan.o(i.atan)
    compute_attention_from_adc               0x0800e8a9   Thumb Code   574  attention.o(i.compute_attention_from_adc)
    dmp_enable_6x_lp_quat                    0x0800eb95   Thumb Code    60  inv_mpu_dmp_motion_driver.o(i.dmp_enable_6x_lp_quat)
    dmp_enable_feature                       0x0800ebd1   Thumb Code   530  inv_mpu_dmp_motion_driver.o(i.dmp_enable_feature)
    dmp_enable_gyro_cal                      0x0800eded   Thumb Code    62  inv_mpu_dmp_motion_driver.o(i.dmp_enable_gyro_cal)
    dmp_enable_lp_quat                       0x0800ee45   Thumb Code    60  inv_mpu_dmp_motion_driver.o(i.dmp_enable_lp_quat)
    dmp_load_motion_driver_firmware          0x0800ee81   Thumb Code    20  inv_mpu_dmp_motion_driver.o(i.dmp_load_motion_driver_firmware)
    dmp_read_fifo                            0x0800ee99   Thumb Code   456  inv_mpu_dmp_motion_driver.o(i.dmp_read_fifo)
    dmp_set_accel_bias                       0x0800f065   Thumb Code   300  inv_mpu_dmp_motion_driver.o(i.dmp_set_accel_bias)
    dmp_set_fifo_rate                        0x0800f195   Thumb Code    96  inv_mpu_dmp_motion_driver.o(i.dmp_set_fifo_rate)
    dmp_set_gyro_bias                        0x0800f205   Thumb Code   294  inv_mpu_dmp_motion_driver.o(i.dmp_set_gyro_bias)
    dmp_set_orientation                      0x0800f335   Thumb Code   290  inv_mpu_dmp_motion_driver.o(i.dmp_set_orientation)
    dmp_set_shake_reject_thresh              0x0800f46d   Thumb Code    56  inv_mpu_dmp_motion_driver.o(i.dmp_set_shake_reject_thresh)
    dmp_set_shake_reject_time                0x0800f4a5   Thumb Code    38  inv_mpu_dmp_motion_driver.o(i.dmp_set_shake_reject_time)
    dmp_set_shake_reject_timeout             0x0800f4cb   Thumb Code    38  inv_mpu_dmp_motion_driver.o(i.dmp_set_shake_reject_timeout)
    dmp_set_tap_axes                         0x0800f4f1   Thumb Code    70  inv_mpu_dmp_motion_driver.o(i.dmp_set_tap_axes)
    dmp_set_tap_count                        0x0800f537   Thumb Code    38  inv_mpu_dmp_motion_driver.o(i.dmp_set_tap_count)
    dmp_set_tap_thresh                       0x0800f55d   Thumb Code   412  inv_mpu_dmp_motion_driver.o(i.dmp_set_tap_thresh)
    dmp_set_tap_time                         0x0800f71d   Thumb Code    38  inv_mpu_dmp_motion_driver.o(i.dmp_set_tap_time)
    dmp_set_tap_time_multi                   0x0800f743   Thumb Code    38  inv_mpu_dmp_motion_driver.o(i.dmp_set_tap_time_multi)
    fabs                                     0x0800f769   Thumb Code    24  fabs.o(i.fabs)
    fputc                                    0x0800f781   Thumb Code    22  l431_uart.o(i.fputc)
    inv_orientation_matrix_to_scalar         0x0800fdf9   Thumb Code    40  inv_mpu.o(i.inv_orientation_matrix_to_scalar)
    inv_row_2_scale                          0x0800fe21   Thumb Code    78  inv_mpu.o(i.inv_row_2_scale)
    main                                     0x0800fe71   Thumb Code   400  main.o(i.main)
    mget_ms                                  0x0801006d   Thumb Code     2  inv_mpu.o(i.mget_ms)
    mpu_configure_fifo                       0x08010071   Thumb Code   106  inv_mpu.o(i.mpu_configure_fifo)
    mpu_dmp_get_data                         0x080100e1   Thumb Code   396  inv_mpu.o(i.mpu_dmp_get_data)
    mpu_dmp_init                             0x0801027d   Thumb Code   136  inv_mpu.o(i.mpu_dmp_init)
    mpu_get_accel_fsr                        0x08010309   Thumb Code    72  inv_mpu.o(i.mpu_get_accel_fsr)
    mpu_get_accel_sens                       0x08010355   Thumb Code    78  inv_mpu.o(i.mpu_get_accel_sens)
    mpu_get_fifo_config                      0x080103a9   Thumb Code    12  inv_mpu.o(i.mpu_get_fifo_config)
    mpu_get_gyro_fsr                         0x080103b9   Thumb Code    64  inv_mpu.o(i.mpu_get_gyro_fsr)
    mpu_get_gyro_sens                        0x080103fd   Thumb Code    74  inv_mpu.o(i.mpu_get_gyro_sens)
    mpu_get_lpf                              0x0801045d   Thumb Code    74  inv_mpu.o(i.mpu_get_lpf)
    mpu_get_sample_rate                      0x080104ad   Thumb Code    26  inv_mpu.o(i.mpu_get_sample_rate)
    mpu_load_firmware                        0x080104cd   Thumb Code   180  inv_mpu.o(i.mpu_load_firmware)
    mpu_lp_accel_mode                        0x08010585   Thumb Code   218  inv_mpu.o(i.mpu_lp_accel_mode)
    mpu_read_fifo_stream                     0x08010665   Thumb Code   186  inv_mpu.o(i.mpu_read_fifo_stream)
    mpu_read_mem                             0x08010725   Thumb Code   122  inv_mpu.o(i.mpu_read_mem)
    mpu_reset_fifo                           0x080107a5   Thumb Code   450  inv_mpu.o(i.mpu_reset_fifo)
    mpu_run_self_test                        0x0801096d   Thumb Code   278  inv_mpu.o(i.mpu_run_self_test)
    mpu_set_accel_fsr                        0x08010a89   Thumb Code   126  inv_mpu.o(i.mpu_set_accel_fsr)
    mpu_set_bypass                           0x08010b0d   Thumb Code   328  inv_mpu.o(i.mpu_set_bypass)
    mpu_set_dmp_state                        0x08010c59   Thumb Code   138  inv_mpu.o(i.mpu_set_dmp_state)
    mpu_set_gyro_fsr                         0x08010ce9   Thumb Code   132  inv_mpu.o(i.mpu_set_gyro_fsr)
    mpu_set_int_latched                      0x08010d71   Thumb Code   102  inv_mpu.o(i.mpu_set_int_latched)
    mpu_set_lpf                              0x08010ddd   Thumb Code   126  inv_mpu.o(i.mpu_set_lpf)
    mpu_set_sample_rate                      0x08010e61   Thumb Code   152  inv_mpu.o(i.mpu_set_sample_rate)
    mpu_set_sensors                          0x08010efd   Thumb Code   202  inv_mpu.o(i.mpu_set_sensors)
    mpu_write_mem                            0x08010fcd   Thumb Code   122  inv_mpu.o(i.mpu_write_mem)
    osDelay                                  0x0801104d   Thumb Code    30  cmsis_os2.o(i.osDelay)
    osKernelInitialize                       0x0801106d   Thumb Code    38  cmsis_os2.o(i.osKernelInitialize)
    osKernelStart                            0x08011099   Thumb Code    82  cmsis_os2.o(i.osKernelStart)
    osThreadNew                              0x080110f9   Thumb Code   184  cmsis_os2.o(i.osThreadNew)
    pvPortMalloc                             0x08011bd5   Thumb Code   306  heap_4.o(i.pvPortMalloc)
    pxPortInitialiseStack                    0x08011d21   Thumb Code    38  port.o(i.pxPortInitialiseStack)
    run_self_test                            0x08011d4d   Thumb Code   154  inv_mpu.o(i.run_self_test)
    sqrt                                     0x08011e79   Thumb Code   106  sqrt.o(i.sqrt)
    uxListRemove                             0x08011ee3   Thumb Code    40  list.o(i.uxListRemove)
    vApplicationGetIdleTaskMemory            0x08011f0d   Thumb Code    14  cmsis_os2.o(i.vApplicationGetIdleTaskMemory)
    vApplicationGetTimerTaskMemory           0x08011f25   Thumb Code    16  cmsis_os2.o(i.vApplicationGetTimerTaskMemory)
    vBalanceControlTask                      0x08011f3d   Thumb Code    56  freertos.o(i.vBalanceControlTask)
    vListInitialise                          0x08011f81   Thumb Code    26  list.o(i.vListInitialise)
    vListInitialiseItem                      0x08011f9b   Thumb Code     6  list.o(i.vListInitialiseItem)
    vListInsert                              0x08011fa1   Thumb Code    52  list.o(i.vListInsert)
    vListInsertEnd                           0x08011fd5   Thumb Code    24  list.o(i.vListInsertEnd)
    vMPU6050_Task                            0x08011fed   Thumb Code    58  freertos.o(i.vMPU6050_Task)
    vPortEnterCritical                       0x08012031   Thumb Code    76  port.o(i.vPortEnterCritical)
    vPortExitCritical                        0x08012085   Thumb Code    56  port.o(i.vPortExitCritical)
    vPortFree                                0x080120c1   Thumb Code   150  heap_4.o(i.vPortFree)
    vPortSetupTimerInterrupt                 0x08012165   Thumb Code    36  port.o(i.vPortSetupTimerInterrupt)
    vPortValidateInterruptPriority           0x0801218d   Thumb Code   106  port.o(i.vPortValidateInterruptPriority)
    vQueueAddToRegistry                      0x08012205   Thumb Code    38  queue.o(i.vQueueAddToRegistry)
    vQueueWaitForMessageRestricted           0x08012231   Thumb Code    74  queue.o(i.vQueueWaitForMessageRestricted)
    vTOF_ReadTask                            0x0801227d   Thumb Code    34  freertos.o(i.vTOF_ReadTask)
    vTaskDelay                               0x080122c9   Thumb Code    82  tasks.o(i.vTaskDelay)
    vTaskInternalSetTimeOutState             0x08012325   Thumb Code    14  tasks.o(i.vTaskInternalSetTimeOutState)
    vTaskMissedYield                         0x0801233d   Thumb Code     8  tasks.o(i.vTaskMissedYield)
    vTaskPlaceOnEventList                    0x08012349   Thumb Code    52  tasks.o(i.vTaskPlaceOnEventList)
    vTaskPlaceOnEventListRestricted          0x08012381   Thumb Code    60  tasks.o(i.vTaskPlaceOnEventListRestricted)
    vTaskStartScheduler                      0x080123c1   Thumb Code   156  tasks.o(i.vTaskStartScheduler)
    vTaskSuspendAll                          0x08012479   Thumb Code    12  tasks.o(i.vTaskSuspendAll)
    vTaskSwitchContext                       0x08012489   Thumb Code   122  tasks.o(i.vTaskSwitchContext)
    vUART_ProcessTask                        0x08012519   Thumb Code   136  freertos.o(i.vUART_ProcessTask)
    xPortStartScheduler                      0x080125b9   Thumb Code   330  port.o(i.xPortStartScheduler)
    xPortSysTickHandler                      0x08012721   Thumb Code    46  port.o(i.xPortSysTickHandler)
    xQueueGenericCreate                      0x08012755   Thumb Code    90  queue.o(i.xQueueGenericCreate)
    xQueueGenericCreateStatic                0x080127af   Thumb Code   224  queue.o(i.xQueueGenericCreateStatic)
    xQueueGenericReset                       0x08012891   Thumb Code   146  queue.o(i.xQueueGenericReset)
    xQueueGenericSend                        0x08012929   Thumb Code   420  queue.o(i.xQueueGenericSend)
    xQueueGenericSendFromISR                 0x08012ad1   Thumb Code   252  queue.o(i.xQueueGenericSendFromISR)
    xQueueReceive                            0x08012bcd   Thumb Code   356  queue.o(i.xQueueReceive)
    xTaskCheckForTimeOut                     0x08012d35   Thumb Code   132  tasks.o(i.xTaskCheckForTimeOut)
    xTaskCreate                              0x08012dc1   Thumb Code   100  tasks.o(i.xTaskCreate)
    xTaskCreateStatic                        0x08012e25   Thumb Code   186  tasks.o(i.xTaskCreateStatic)
    xTaskGetSchedulerState                   0x08012ee1   Thumb Code    24  tasks.o(i.xTaskGetSchedulerState)
    xTaskGetTickCount                        0x08012f01   Thumb Code     6  tasks.o(i.xTaskGetTickCount)
    xTaskIncrementTick                       0x08012f0d   Thumb Code   280  tasks.o(i.xTaskIncrementTick)
    xTaskPriorityDisinherit                  0x08013051   Thumb Code   152  tasks.o(i.xTaskPriorityDisinherit)
    xTaskRemoveFromEventList                 0x080130f5   Thumb Code   126  tasks.o(i.xTaskRemoveFromEventList)
    xTaskResumeAll                           0x0801318d   Thumb Code   222  tasks.o(i.xTaskResumeAll)
    xTimerCreateTimerTask                    0x08013291   Thumb Code   100  timers.o(i.xTimerCreateTimerTask)
    xTimerGenericCommand                     0x08013309   Thumb Code   128  timers.o(i.xTimerGenericCommand)
    defaultTask_attributes                   0x080133ac   Data          36  freertos.o(.constdata)
    UARTPrescTable                           0x080133d0   Data          24  stm32h7xx_hal_uart.o(.constdata)
    D1CorePrescTable                         0x080133f8   Data          16  system_stm32h7xx.o(.constdata)
    reg                                      0x08013408   Data          27  inv_mpu.o(.constdata)
    hw                                       0x08013424   Data          12  inv_mpu.o(.constdata)
    test                                     0x08013430   Data          40  inv_mpu.o(.constdata)
    __mathlib_zero                           0x08014138   Data           8  qnan.o(.constdata)
    __ctype_categories                       0x08014140   Data          64  ctype_c.o(.constdata)
    Region$$Table$$Base                      0x0801418c   Number         0  anon$$obj.o(Region$$Table)
    Region$$Table$$Limit                     0x080141ac   Number         0  anon$$obj.o(Region$$Table)
    current_roll                             0x24000000   Data           4  freertos.o(.data)
    xUART_LineQueue                          0x24000004   Data           4  freertos.o(.data)
    xAttentionQueue                          0x24000008   Data           4  freertos.o(.data)
    xTOFQueue                                0x2400000c   Data           4  freertos.o(.data)
    defaultTaskHandle                        0x24000010   Data           4  freertos.o(.data)
    uwTick                                   0x24000014   Data           4  stm32h7xx_hal.o(.data)
    uwTickPrio                               0x24000018   Data           4  stm32h7xx_hal.o(.data)
    uwTickFreq                               0x2400001c   Data           1  stm32h7xx_hal.o(.data)
    SystemCoreClock                          0x24000020   Data           4  system_stm32h7xx.o(.data)
    SystemD2Clock                            0x24000024   Data           4  system_stm32h7xx.o(.data)
    dist_left                                0x2400007c   Data           4  3tof3motor.o(.data)
    dist_right                               0x24000080   Data           4  3tof3motor.o(.data)
    pxCurrentTCB                             0x240000d0   Data           4  tasks.o(.data)
    __stdout                                 0x24000170   Data           4  stdout.o(.data)
    hadc1                                    0x24000178   Data         100  adc.o(.bss)
    hi2c1                                    0x240001dc   Data          84  i2c.o(.bss)
    hspi1                                    0x24000230   Data         136  spi.o(.bss)
    htim1                                    0x240002b8   Data          76  tim.o(.bss)
    htim3                                    0x24000304   Data          76  tim.o(.bss)
    huart1                                   0x24000350   Data         148  usart.o(.bss)
    huart2                                   0x240003e4   Data         148  usart.o(.bss)
    huart3                                   0x24000478   Data         148  usart.o(.bss)
    htim7                                    0x2400050c   Data          76  stm32h7xx_hal_timebase_tim.o(.bss)
    tof_left                                 0x240009c0   Data         932  3tof3motor.o(.bss)
    tof_right                                0x24000d64   Data         932  3tof3motor.o(.bss)
    xQueueRegistry                           0x24001138   Data          64  queue.o(.bss)
    __initial_sp                             0x24009740   Data           0  startup_stm32h743xx.o(STACK)



==============================================================================

Memory Map of the image

  Image Entry point : 0x08000299

  Load Region LR_IROM1 (Base: 0x08000000, Size: 0x00014324, Max: 0x00200000, ABSOLUTE, COMPRESSED[0x000141f4])

    Execution Region ER_IROM1 (Exec base: 0x08000000, Load base: 0x08000000, Size: 0x000141ac, Max: 0x00200000, ABSOLUTE)

    Exec Addr    Load Addr    Size         Type   Attr      Idx    E Section Name        Object

    0x08000000   0x08000000   0x00000298   Data   RO            3    RESET               startup_stm32h743xx.o
    0x08000298   0x08000298   0x00000000   Code   RO        10904  * .ARM.Collect$$$$00000000  mc_w.l(entry.o)
    0x08000298   0x08000298   0x00000004   Code   RO        11244    .ARM.Collect$$$$00000001  mc_w.l(entry2.o)
    0x0800029c   0x0800029c   0x00000004   Code   RO        11247    .ARM.Collect$$$$00000004  mc_w.l(entry5.o)
    0x080002a0   0x080002a0   0x00000000   Code   RO        11249    .ARM.Collect$$$$00000008  mc_w.l(entry7b.o)
    0x080002a0   0x080002a0   0x00000000   Code   RO        11251    .ARM.Collect$$$$0000000A  mc_w.l(entry8b.o)
    0x080002a0   0x080002a0   0x00000008   Code   RO        11252    .ARM.Collect$$$$0000000B  mc_w.l(entry9a.o)
    0x080002a8   0x080002a8   0x00000000   Code   RO        11254    .ARM.Collect$$$$0000000D  mc_w.l(entry10a.o)
    0x080002a8   0x080002a8   0x00000000   Code   RO        11256    .ARM.Collect$$$$0000000F  mc_w.l(entry11a.o)
    0x080002a8   0x080002a8   0x00000004   Code   RO        11245    .ARM.Collect$$$$00002712  mc_w.l(entry2.o)
    0x080002ac   0x080002ac   0x000000be   Code   RO         8962    .emb_text           port.o
    0x0800036a   0x0800036a   0x00000002   PAD
    0x0800036c   0x0800036c   0x0000002c   Code   RO            4    .text               startup_stm32h743xx.o
    0x08000398   0x08000398   0x00000062   Code   RO        10910    .text               mc_w.l(uldiv.o)
    0x080003fa   0x080003fa   0x00000062   Code   RO        10912    .text               mc_w.l(ldiv.o)
    0x0800045c   0x0800045c   0x00000024   Code   RO        10914    .text               mc_w.l(memcpya.o)
    0x08000480   0x08000480   0x00000024   Code   RO        10918    .text               mc_w.l(memseta.o)
    0x080004a4   0x080004a4   0x0000000e   Code   RO        10922    .text               mc_w.l(strlen.o)
    0x080004b2   0x080004b2   0x0000001a   Code   RO        10924    .text               mc_w.l(memcmp.o)
    0x080004cc   0x080004cc   0x00000038   Code   RO        11189    .text               mc_w.l(__0sscanf.o)
    0x08000504   0x08000504   0x0000014c   Code   RO        11191    .text               mc_w.l(_scanf_int.o)
    0x08000650   0x08000650   0x0000002c   Code   RO        11258    .text               mc_w.l(uidiv.o)
    0x0800067c   0x0800067c   0x0000001e   Code   RO        11260    .text               mc_w.l(llshl.o)
    0x0800069a   0x0800069a   0x00000020   Code   RO        11262    .text               mc_w.l(llushr.o)
    0x080006ba   0x080006ba   0x0000001c   Code   RO        11271    .text               mc_w.l(_chval.o)
    0x080006d6   0x080006d6   0x00000002   PAD
    0x080006d8   0x080006d8   0x00000028   Code   RO        11273    .text               mc_w.l(scanf_char.o)
    0x08000700   0x08000700   0x00000040   Code   RO        11275    .text               mc_w.l(_sgetc.o)
    0x08000740   0x08000740   0x00000000   Code   RO        11277    .text               mc_w.l(iusefp.o)
    0x08000740   0x08000740   0x0000014e   Code   RO        11278    .text               mf_w.l(dadd.o)
    0x0800088e   0x0800088e   0x000000e4   Code   RO        11280    .text               mf_w.l(dmul.o)
    0x08000972   0x08000972   0x000000de   Code   RO        11282    .text               mf_w.l(ddiv.o)
    0x08000a50   0x08000a50   0x00000030   Code   RO        11284    .text               mf_w.l(dfixul.o)
    0x08000a80   0x08000a80   0x00000030   Code   RO        11286    .text               mf_w.l(cdrcmple.o)
    0x08000ab0   0x08000ab0   0x00000024   Code   RO        11288    .text               mc_w.l(init.o)
    0x08000ad4   0x08000ad4   0x00000024   Code   RO        11290    .text               mc_w.l(llsshr.o)
    0x08000af8   0x08000af8   0x0000000a   Code   RO        11292    .text               mc_w.l(isspace_c.o)
    0x08000b02   0x08000b02   0x00000002   PAD
    0x08000b04   0x08000b04   0x0000032c   Code   RO        11294    .text               mc_w.l(_scanf.o)
    0x08000e30   0x08000e30   0x000000ba   Code   RO        11296    .text               mf_w.l(depilogue.o)
    0x08000eea   0x08000eea   0x00000002   PAD
    0x08000eec   0x08000eec   0x00000028   Code   RO        11298    .text               mc_w.l(ctype_c.o)
    0x08000f14   0x08000f14   0x00000056   Code   RO        11309    .text               mc_w.l(__dczerorl2.o)
    0x08000f6a   0x08000f6a   0x00000002   PAD
    0x08000f6c   0x08000f6c   0x00000164   Code   RO         1853    i.ADC_ConfigureBoostMode  stm32h7xx_hal_adc.o
    0x080010d0   0x080010d0   0x00000018   Code   RO         6123    i.App_UART_Init     l431_uart.o
    0x080010e8   0x080010e8   0x000000e0   Code   RO         7139    i.Balance_Init      balance.o
    0x080011c8   0x080011c8   0x000005e8   Code   RO         7140    i.Balance_Update    balance.o
    0x080017b0   0x080017b0   0x00000004   Code   RO          696    i.BusFault_Handler  stm32h7xx_it.o
    0x080017b4   0x080017b4   0x00000098   Code   RO         9285    i.ChangePresetMode  vl53l1_api.o
    0x0800184c   0x0800184c   0x00000074   Code   RO         9287    i.ComputeDevicePresetMode  vl53l1_api.o
    0x080018c0   0x080018c0   0x000000a0   Code   RO         9288    i.ComputeRQL        vl53l1_api.o
    0x08001960   0x08001960   0x00000048   Code   RO         9291    i.ConvertStatusLite  vl53l1_api.o
    0x080019a8   0x080019a8   0x00000002   Code   RO          697    i.DebugMon_Handler  stm32h7xx_it.o
    0x080019aa   0x080019aa   0x00000018   Code   RO         6926    i.DistanceToDuty    3tof3motor.o
    0x080019c2   0x080019c2   0x00000006   Code   RO           13    i.Error_Handler     main.o
    0x080019c8   0x080019c8   0x00000024   Code   RO         5854    i.ExitRun0Mode      system_stm32h7xx.o
    0x080019ec   0x080019ec   0x00000164   Code   RO         2130    i.HAL_ADCEx_MultiModeConfigChannel  stm32h7xx_hal_adc_ex.o
    0x08001b50   0x08001b50   0x000005b4   Code   RO         1861    i.HAL_ADC_ConfigChannel  stm32h7xx_hal_adc.o
    0x08002104   0x08002104   0x0000028c   Code   RO         1870    i.HAL_ADC_Init      stm32h7xx_hal_adc.o
    0x08002390   0x08002390   0x00000098   Code   RO          463    i.HAL_ADC_MspInit   adc.o
    0x08002428   0x08002428   0x000004dc   Code   RO         3202    i.HAL_DMA_Abort     stm32h7xx_hal_dma.o
    0x08002904   0x08002904   0x00000398   Code   RO         3203    i.HAL_DMA_Abort_IT  stm32h7xx_hal_dma.o
    0x08002c9c   0x08002c9c   0x00000028   Code   RO         4069    i.HAL_Delay         stm32h7xx_hal.o
    0x08002cc4   0x08002cc4   0x000001fc   Code   RO         3050    i.HAL_GPIO_Init     stm32h7xx_hal_gpio.o
    0x08002ec0   0x08002ec0   0x00000010   Code   RO         3052    i.HAL_GPIO_ReadPin  stm32h7xx_hal_gpio.o
    0x08002ed0   0x08002ed0   0x0000000c   Code   RO         3054    i.HAL_GPIO_WritePin  stm32h7xx_hal_gpio.o
    0x08002edc   0x08002edc   0x0000000c   Code   RO         4080    i.HAL_GetREVID      stm32h7xx_hal.o
    0x08002ee8   0x08002ee8   0x0000000c   Code   RO         4081    i.HAL_GetTick       stm32h7xx_hal.o
    0x08002ef4   0x08002ef4   0x0000006a   Code   RO         4846    i.HAL_I2CEx_ConfigAnalogFilter  stm32h7xx_hal_i2c_ex.o
    0x08002f5e   0x08002f5e   0x00000068   Code   RO         4847    i.HAL_I2CEx_ConfigDigitalFilter  stm32h7xx_hal_i2c_ex.o
    0x08002fc6   0x08002fc6   0x00000002   PAD
    0x08002fc8   0x08002fc8   0x000000d8   Code   RO         4385    i.HAL_I2C_Init      stm32h7xx_hal_i2c.o
    0x080030a0   0x080030a0   0x000001a0   Code   RO         4403    i.HAL_I2C_Mem_Read  stm32h7xx_hal_i2c.o
    0x08003240   0x08003240   0x00000198   Code   RO         4406    i.HAL_I2C_Mem_Write  stm32h7xx_hal_i2c.o
    0x080033d8   0x080033d8   0x0000009c   Code   RO          505    i.HAL_I2C_MspInit   i2c.o
    0x08003474   0x08003474   0x00000018   Code   RO         4087    i.HAL_IncTick       stm32h7xx_hal.o
    0x0800348c   0x0800348c   0x00000060   Code   RO         4088    i.HAL_Init          stm32h7xx_hal.o
    0x080034ec   0x080034ec   0x000000a0   Code   RO          796    i.HAL_InitTick      stm32h7xx_hal_timebase_tim.o
    0x0800358c   0x0800358c   0x0000005c   Code   RO         3905    i.HAL_MPU_ConfigRegion  stm32h7xx_hal_cortex.o
    0x080035e8   0x080035e8   0x0000002c   Code   RO         3906    i.HAL_MPU_Disable   stm32h7xx_hal_cortex.o
    0x08003614   0x08003614   0x00000040   Code   RO         3908    i.HAL_MPU_Enable    stm32h7xx_hal_cortex.o
    0x08003654   0x08003654   0x00000030   Code   RO          772    i.HAL_MspInit       stm32h7xx_hal_msp.o
    0x08003684   0x08003684   0x00000028   Code   RO         3912    i.HAL_NVIC_EnableIRQ  stm32h7xx_hal_cortex.o
    0x080036ac   0x080036ac   0x0000007a   Code   RO         3918    i.HAL_NVIC_SetPriority  stm32h7xx_hal_cortex.o
    0x08003726   0x08003726   0x00000002   PAD
    0x08003728   0x08003728   0x00000028   Code   RO         3919    i.HAL_NVIC_SetPriorityGrouping  stm32h7xx_hal_cortex.o
    0x08003750   0x08003750   0x00000060   Code   RO         3651    i.HAL_PWREx_ConfigSupply  stm32h7xx_hal_pwr_ex.o
    0x080037b0   0x080037b0   0x00000024   Code   RO         2601    i.HAL_RCCEx_GetD3PCLK1Freq  stm32h7xx_hal_rcc_ex.o
    0x080037d4   0x080037d4   0x00000230   Code   RO         2602    i.HAL_RCCEx_GetPLL1ClockFreq  stm32h7xx_hal_rcc_ex.o
    0x08003a04   0x08003a04   0x00000230   Code   RO         2603    i.HAL_RCCEx_GetPLL2ClockFreq  stm32h7xx_hal_rcc_ex.o
    0x08003c34   0x08003c34   0x00000230   Code   RO         2604    i.HAL_RCCEx_GetPLL3ClockFreq  stm32h7xx_hal_rcc_ex.o
    0x08003e64   0x08003e64   0x000008b0   Code   RO         2606    i.HAL_RCCEx_GetPeriphCLKFreq  stm32h7xx_hal_rcc_ex.o
    0x08004714   0x08004714   0x00000d68   Code   RO         2610    i.HAL_RCCEx_PeriphCLKConfig  stm32h7xx_hal_rcc_ex.o
    0x0800547c   0x0800547c   0x00000320   Code   RO         2370    i.HAL_RCC_ClockConfig  stm32h7xx_hal_rcc.o
    0x0800579c   0x0800579c   0x0000006c   Code   RO         2374    i.HAL_RCC_GetClockConfig  stm32h7xx_hal_rcc.o
    0x08005808   0x08005808   0x0000004c   Code   RO         2375    i.HAL_RCC_GetHCLKFreq  stm32h7xx_hal_rcc.o
    0x08005854   0x08005854   0x00000024   Code   RO         2377    i.HAL_RCC_GetPCLK1Freq  stm32h7xx_hal_rcc.o
    0x08005878   0x08005878   0x00000024   Code   RO         2378    i.HAL_RCC_GetPCLK2Freq  stm32h7xx_hal_rcc.o
    0x0800589c   0x0800589c   0x0000022c   Code   RO         2379    i.HAL_RCC_GetSysClockFreq  stm32h7xx_hal_rcc.o
    0x08005ac8   0x08005ac8   0x00000858   Code   RO         2382    i.HAL_RCC_OscConfig  stm32h7xx_hal_rcc.o
    0x08006320   0x08006320   0x000001b0   Code   RO         4983    i.HAL_SPI_Init      stm32h7xx_hal_spi.o
    0x080064d0   0x080064d0   0x000000b8   Code   RO          547    i.HAL_SPI_MspInit   spi.o
    0x08006588   0x08006588   0x00000002   Code   RO         1562    i.HAL_TIMEx_Break2Callback  stm32h7xx_hal_tim_ex.o
    0x0800658a   0x0800658a   0x00000002   Code   RO         1563    i.HAL_TIMEx_BreakCallback  stm32h7xx_hal_tim_ex.o
    0x0800658c   0x0800658c   0x00000002   Code   RO         1564    i.HAL_TIMEx_CommutCallback  stm32h7xx_hal_tim_ex.o
    0x0800658e   0x0800658e   0x00000002   PAD
    0x08006590   0x08006590   0x000000b4   Code   RO         1566    i.HAL_TIMEx_ConfigBreakDeadTime  stm32h7xx_hal_tim_ex.o
    0x08006644   0x08006644   0x000000cc   Code   RO         1584    i.HAL_TIMEx_MasterConfigSynchronization  stm32h7xx_hal_tim_ex.o
    0x08006710   0x08006710   0x0000006e   Code   RO          837    i.HAL_TIM_Base_Init  stm32h7xx_hal_tim.o
    0x0800677e   0x0800677e   0x00000002   Code   RO          839    i.HAL_TIM_Base_MspInit  stm32h7xx_hal_tim.o
    0x08006780   0x08006780   0x000000b4   Code   RO          842    i.HAL_TIM_Base_Start_IT  stm32h7xx_hal_tim.o
    0x08006834   0x08006834   0x00000002   Code   RO          871    i.HAL_TIM_IC_CaptureCallback  stm32h7xx_hal_tim.o
    0x08006836   0x08006836   0x00000198   Code   RO          885    i.HAL_TIM_IRQHandler  stm32h7xx_hal_tim.o
    0x080069ce   0x080069ce   0x00000002   PAD
    0x080069d0   0x080069d0   0x000000a8   Code   RO          588    i.HAL_TIM_MspPostInit  tim.o
    0x08006a78   0x08006a78   0x00000002   Code   RO          888    i.HAL_TIM_OC_DelayElapsedCallback  stm32h7xx_hal_tim.o
    0x08006a7a   0x08006a7a   0x00000170   Code   RO          909    i.HAL_TIM_PWM_ConfigChannel  stm32h7xx_hal_tim.o
    0x08006bea   0x08006bea   0x0000006e   Code   RO          912    i.HAL_TIM_PWM_Init  stm32h7xx_hal_tim.o
    0x08006c58   0x08006c58   0x0000005c   Code   RO          590    i.HAL_TIM_PWM_MspInit  tim.o
    0x08006cb4   0x08006cb4   0x00000002   Code   RO          915    i.HAL_TIM_PWM_PulseFinishedCallback  stm32h7xx_hal_tim.o
    0x08006cb6   0x08006cb6   0x00000002   PAD
    0x08006cb8   0x08006cb8   0x00000164   Code   RO          917    i.HAL_TIM_PWM_Start  stm32h7xx_hal_tim.o
    0x08006e1c   0x08006e1c   0x00000018   Code   RO           14    i.HAL_TIM_PeriodElapsedCallback  main.o
    0x08006e34   0x08006e34   0x00000002   Code   RO          928    i.HAL_TIM_TriggerCallback  stm32h7xx_hal_tim.o
    0x08006e36   0x08006e36   0x0000004e   Code   RO         5731    i.HAL_UARTEx_DisableFifoMode  stm32h7xx_hal_uart_ex.o
    0x08006e84   0x08006e84   0x00000002   Code   RO         5315    i.HAL_UARTEx_RxEventCallback  stm32h7xx_hal_uart.o
    0x08006e86   0x08006e86   0x00000002   Code   RO         5739    i.HAL_UARTEx_RxFifoFullCallback  stm32h7xx_hal_uart_ex.o
    0x08006e88   0x08006e88   0x0000005e   Code   RO         5740    i.HAL_UARTEx_SetRxFifoThreshold  stm32h7xx_hal_uart_ex.o
    0x08006ee6   0x08006ee6   0x0000005e   Code   RO         5741    i.HAL_UARTEx_SetTxFifoThreshold  stm32h7xx_hal_uart_ex.o
    0x08006f44   0x08006f44   0x00000002   Code   RO         5743    i.HAL_UARTEx_TxFifoEmptyCallback  stm32h7xx_hal_uart_ex.o
    0x08006f46   0x08006f46   0x00000002   Code   RO         5744    i.HAL_UARTEx_WakeupCallback  stm32h7xx_hal_uart_ex.o
    0x08006f48   0x08006f48   0x00000002   Code   RO         5331    i.HAL_UART_ErrorCallback  stm32h7xx_hal_uart.o
    0x08006f4a   0x08006f4a   0x00000002   PAD
    0x08006f4c   0x08006f4c   0x000004b6   Code   RO         5334    i.HAL_UART_IRQHandler  stm32h7xx_hal_uart.o
    0x08007402   0x08007402   0x00000078   Code   RO         5335    i.HAL_UART_Init     stm32h7xx_hal_uart.o
    0x0800747a   0x0800747a   0x00000002   PAD
    0x0800747c   0x0800747c   0x000001c0   Code   RO          643    i.HAL_UART_MspInit  usart.o
    0x0800763c   0x0800763c   0x0000005c   Code   RO         5340    i.HAL_UART_Receive_IT  stm32h7xx_hal_uart.o
    0x08007698   0x08007698   0x0000007c   Code   RO         6124    i.HAL_UART_RxCpltCallback  l431_uart.o
    0x08007714   0x08007714   0x000000c2   Code   RO         5344    i.HAL_UART_Transmit  stm32h7xx_hal_uart.o
    0x080077d6   0x080077d6   0x00000002   Code   RO         5347    i.HAL_UART_TxCpltCallback  stm32h7xx_hal_uart.o
    0x080077d8   0x080077d8   0x00000004   Code   RO          698    i.HardFault_Handler  stm32h7xx_it.o
    0x080077dc   0x080077dc   0x00000028   Code   RO         4432    i.I2C_Flush_TXDR    stm32h7xx_hal_i2c.o
    0x08007804   0x08007804   0x00000130   Code   RO         4440    i.I2C_IsErrorOccurred  stm32h7xx_hal_i2c.o
    0x08007934   0x08007934   0x0000007c   Code   RO         4445    i.I2C_RequestMemoryRead  stm32h7xx_hal_i2c.o
    0x080079b0   0x080079b0   0x0000007c   Code   RO         4446    i.I2C_RequestMemoryWrite  stm32h7xx_hal_i2c.o
    0x08007a2c   0x08007a2c   0x00000038   Code   RO         4449    i.I2C_TransferConfig  stm32h7xx_hal_i2c.o
    0x08007a64   0x08007a64   0x00000082   Code   RO         4451    i.I2C_WaitOnFlagUntilTimeout  stm32h7xx_hal_i2c.o
    0x08007ae6   0x08007ae6   0x00000060   Code   RO         4453    i.I2C_WaitOnSTOPFlagUntilTimeout  stm32h7xx_hal_i2c.o
    0x08007b46   0x08007b46   0x00000064   Code   RO         4454    i.I2C_WaitOnTXISFlagUntilTimeout  stm32h7xx_hal_i2c.o
    0x08007baa   0x08007baa   0x00000002   PAD
    0x08007bac   0x08007bac   0x0000003c   Code   RO         6304    i.IIC_Ack           iic.o
    0x08007be8   0x08007be8   0x0000000e   Code   RO         6306    i.IIC_Delay         iic.o
    0x08007bf6   0x08007bf6   0x00000002   PAD
    0x08007bf8   0x08007bf8   0x00000044   Code   RO         6307    i.IIC_GPIO_Init     iic.o
    0x08007c3c   0x08007c3c   0x00000034   Code   RO         6308    i.IIC_NAck          iic.o
    0x08007c70   0x08007c70   0x00000054   Code   RO         6309    i.IIC_Read_Byte     iic.o
    0x08007cc4   0x08007cc4   0x00000064   Code   RO         6310    i.IIC_Send_Byte     iic.o
    0x08007d28   0x08007d28   0x0000003c   Code   RO         6311    i.IIC_Start         iic.o
    0x08007d64   0x08007d64   0x0000002c   Code   RO         6312    i.IIC_Stop          iic.o
    0x08007d90   0x08007d90   0x00000044   Code   RO         6313    i.IIC_Wait_Ack      iic.o
    0x08007dd4   0x08007dd4   0x000000f8   Code   RO         6927    i.InitSensor        3tof3motor.o
    0x08007ecc   0x08007ecc   0x0000000a   Code   RO         1885    i.LL_ADC_INJ_IsConversionOngoing  stm32h7xx_hal_adc.o
    0x08007ed6   0x08007ed6   0x0000000a   Code   RO         1887    i.LL_ADC_IsEnabled  stm32h7xx_hal_adc.o
    0x08007ee0   0x08007ee0   0x0000000a   Code   RO         2143    i.LL_ADC_IsEnabled  stm32h7xx_hal_adc_ex.o
    0x08007eea   0x08007eea   0x0000000a   Code   RO         1888    i.LL_ADC_IsInternalRegulatorEnabled  stm32h7xx_hal_adc.o
    0x08007ef4   0x08007ef4   0x0000000a   Code   RO         1889    i.LL_ADC_REG_IsConversionOngoing  stm32h7xx_hal_adc.o
    0x08007efe   0x08007efe   0x0000000a   Code   RO         2144    i.LL_ADC_REG_IsConversionOngoing  stm32h7xx_hal_adc_ex.o
    0x08007f08   0x08007f08   0x0000000c   Code   RO         1893    i.LL_ADC_SetCommonPathInternalCh  stm32h7xx_hal_adc.o
    0x08007f14   0x08007f14   0x00000056   Code   RO           15    i.MPU_Config        main.o
    0x08007f6a   0x08007f6a   0x0000007a   Code   RO         6211    i.MPU_Init          mpu6050.o
    0x08007fe4   0x08007fe4   0x0000003a   Code   RO         6212    i.MPU_Read_Byte     mpu6050.o
    0x0800801e   0x0800801e   0x00000074   Code   RO         6213    i.MPU_Read_Len      mpu6050.o
    0x08008092   0x08008092   0x00000010   Code   RO         6214    i.MPU_Set_Accel_Fsr  mpu6050.o
    0x080080a2   0x080080a2   0x00000010   Code   RO         6215    i.MPU_Set_Gyro_Fsr  mpu6050.o
    0x080080b2   0x080080b2   0x0000003a   Code   RO         6216    i.MPU_Set_LPF       mpu6050.o
    0x080080ec   0x080080ec   0x0000003a   Code   RO         6217    i.MPU_Set_Rate      mpu6050.o
    0x08008126   0x08008126   0x00000044   Code   RO         6218    i.MPU_Write_Byte    mpu6050.o
    0x0800816a   0x0800816a   0x00000060   Code   RO         6219    i.MPU_Write_Len     mpu6050.o
    0x080081ca   0x080081ca   0x00000002   PAD
    0x080081cc   0x080081cc   0x000000a0   Code   RO          464    i.MX_ADC1_Init      adc.o
    0x0800826c   0x0800826c   0x000000fc   Code   RO          376    i.MX_FREERTOS_Init  freertos.o
    0x08008368   0x08008368   0x00000140   Code   RO          348    i.MX_GPIO_Init      gpio.o
    0x080084a8   0x080084a8   0x00000058   Code   RO          506    i.MX_I2C1_Init      i2c.o
    0x08008500   0x08008500   0x00000064   Code   RO          548    i.MX_SPI1_Init      spi.o
    0x08008564   0x08008564   0x000000cc   Code   RO          591    i.MX_TIM1_Init      tim.o
    0x08008630   0x08008630   0x0000009c   Code   RO          592    i.MX_TIM3_Init      tim.o
    0x080086cc   0x080086cc   0x0000006c   Code   RO          644    i.MX_USART1_UART_Init  usart.o
    0x08008738   0x08008738   0x0000006c   Code   RO          645    i.MX_USART2_UART_Init  usart.o
    0x080087a4   0x080087a4   0x0000006c   Code   RO          646    i.MX_USART3_UART_Init  usart.o
    0x08008810   0x08008810   0x00000004   Code   RO          699    i.MemManage_Handler  stm32h7xx_it.o
    0x08008814   0x08008814   0x00000234   Code   RO         6928    i.MultiTOF_Init     3tof3motor.o
    0x08008a48   0x08008a48   0x00000054   Code   RO         6929    i.MultiTOF_Update   3tof3motor.o
    0x08008a9c   0x08008a9c   0x00000004   Code   RO          700    i.NMI_Handler       stm32h7xx_it.o
    0x08008aa0   0x08008aa0   0x0000002c   Code   RO         7141    i.PID_Init          balance.o
    0x08008acc   0x08008acc   0x00000028   Code   RO           16    i.PeriphCommonClock_Config  main.o
    0x08008af4   0x08008af4   0x00000164   Code   RO         2613    i.RCCEx_PLL2_Config  stm32h7xx_hal_rcc_ex.o
    0x08008c58   0x08008c58   0x00000164   Code   RO         2614    i.RCCEx_PLL3_Config  stm32h7xx_hal_rcc_ex.o
    0x08008dbc   0x08008dbc   0x0000001a   Code   RO         5014    i.SPI_GetPacketSize  stm32h7xx_hal_spi.o
    0x08008dd6   0x08008dd6   0x00000002   PAD
    0x08008dd8   0x08008dd8   0x00000020   Code   RO         6083    i.Servo_Init        servo.o
    0x08008df8   0x08008df8   0x00000024   Code   RO         6084    i.Servo_SetAngle    servo.o
    0x08008e1c   0x08008e1c   0x00000068   Code   RO         6085    i.Servo_SmoothToAngle  servo.o
    0x08008e84   0x08008e84   0x00000040   Code   RO         9292    i.SetLimitValue     vl53l1_api.o
    0x08008ec4   0x08008ec4   0x00000040   Code   RO         6930    i.SetMotorDutyByDistance  3tof3motor.o
    0x08008f04   0x08008f04   0x00000072   Code   RO         9293    i.SetPresetMode     vl53l1_api.o
    0x08008f76   0x08008f76   0x00000002   PAD
    0x08008f78   0x08008f78   0x0000014c   Code   RO         6931    i.SetSensorAddress  3tof3motor.o
    0x080090c4   0x080090c4   0x00000154   Code   RO         9294    i.SetSimpleData     vl53l1_api.o
    0x08009218   0x08009218   0x0000000a   Code   RO          377    i.StartDefaultTask  freertos.o
    0x08009222   0x08009222   0x00000016   Code   RO         8373    i.SysTick_Handler   cmsis_os2.o
    0x08009238   0x08009238   0x000000d8   Code   RO           17    i.SystemClock_Config  main.o
    0x08009310   0x08009310   0x00000128   Code   RO         5856    i.SystemInit        system_stm32h7xx.o
    0x08009438   0x08009438   0x00000010   Code   RO          701    i.TIM7_IRQHandler   stm32h7xx_it.o
    0x08009448   0x08009448   0x000000d4   Code   RO          930    i.TIM_Base_SetConfig  stm32h7xx_hal_tim.o
    0x0800951c   0x0800951c   0x00000022   Code   RO          931    i.TIM_CCxChannelCmd  stm32h7xx_hal_tim.o
    0x0800953e   0x0800953e   0x00000002   PAD
    0x08009540   0x08009540   0x000000ac   Code   RO          943    i.TIM_OC1_SetConfig  stm32h7xx_hal_tim.o
    0x080095ec   0x080095ec   0x000000b4   Code   RO          944    i.TIM_OC2_SetConfig  stm32h7xx_hal_tim.o
    0x080096a0   0x080096a0   0x000000b4   Code   RO          945    i.TIM_OC3_SetConfig  stm32h7xx_hal_tim.o
    0x08009754   0x08009754   0x00000074   Code   RO          946    i.TIM_OC4_SetConfig  stm32h7xx_hal_tim.o
    0x080097c8   0x080097c8   0x00000070   Code   RO          947    i.TIM_OC5_SetConfig  stm32h7xx_hal_tim.o
    0x08009838   0x08009838   0x00000070   Code   RO          948    i.TIM_OC6_SetConfig  stm32h7xx_hal_tim.o
    0x080098a8   0x080098a8   0x00000058   Code   RO         5745    i.UARTEx_SetNbDataToProcess  stm32h7xx_hal_uart_ex.o
    0x08009900   0x08009900   0x000000f8   Code   RO         5349    i.UART_AdvFeatureConfig  stm32h7xx_hal_uart.o
    0x080099f8   0x080099f8   0x000000ea   Code   RO         5350    i.UART_CheckIdleState  stm32h7xx_hal_uart.o
    0x08009ae2   0x08009ae2   0x00000014   Code   RO         5351    i.UART_DMAAbortOnError  stm32h7xx_hal_uart.o
    0x08009af6   0x08009af6   0x00000002   PAD
    0x08009af8   0x08009af8   0x0000006c   Code   RO         5361    i.UART_EndRxTransfer  stm32h7xx_hal_uart.o
    0x08009b64   0x08009b64   0x00000030   Code   RO         5362    i.UART_EndTransmit_IT  stm32h7xx_hal_uart.o
    0x08009b94   0x08009b94   0x00000104   Code   RO         5364    i.UART_RxISR_16BIT  stm32h7xx_hal_uart.o
    0x08009c98   0x08009c98   0x00000200   Code   RO         5365    i.UART_RxISR_16BIT_FIFOEN  stm32h7xx_hal_uart.o
    0x08009e98   0x08009e98   0x00000104   Code   RO         5366    i.UART_RxISR_8BIT   stm32h7xx_hal_uart.o
    0x08009f9c   0x08009f9c   0x000001fc   Code   RO         5367    i.UART_RxISR_8BIT_FIFOEN  stm32h7xx_hal_uart.o
    0x0800a198   0x0800a198   0x0000058c   Code   RO         5368    i.UART_SetConfig    stm32h7xx_hal_uart.o
    0x0800a724   0x0800a724   0x0000015c   Code   RO         5370    i.UART_Start_Receive_IT  stm32h7xx_hal_uart.o
    0x0800a880   0x0800a880   0x000000ac   Code   RO         5375    i.UART_WaitOnFlagUntilTimeout  stm32h7xx_hal_uart.o
    0x0800a92c   0x0800a92c   0x00000010   Code   RO          702    i.USART2_IRQHandler  stm32h7xx_it.o
    0x0800a93c   0x0800a93c   0x00000010   Code   RO          703    i.USART3_IRQHandler  stm32h7xx_it.o
    0x0800a94c   0x0800a94c   0x00000004   Code   RO          704    i.UsageFault_Handler  stm32h7xx_it.o
    0x0800a950   0x0800a950   0x00000034   Code   RO         9296    i.VL53L1_ClearInterruptAndStartMeasurement  vl53l1_api.o
    0x0800a984   0x0800a984   0x00000064   Code   RO         9297    i.VL53L1_DataInit   vl53l1_api.o
    0x0800a9e8   0x0800a9e8   0x0000002c   Code   RO         9301    i.VL53L1_GetInterMeasurementPeriodMilliSeconds  vl53l1_api.o
    0x0800aa14   0x0800aa14   0x0000001c   Code   RO         9303    i.VL53L1_GetLimitCheckEnable  vl53l1_api.o
    0x0800aa30   0x0800aa30   0x00000072   Code   RO         9306    i.VL53L1_GetLimitCheckValue  vl53l1_api.o
    0x0800aaa2   0x0800aaa2   0x000000f4   Code   RO         9308    i.VL53L1_GetMeasurementTimingBudgetMicroSeconds  vl53l1_api.o
    0x0800ab96   0x0800ab96   0x00000044   Code   RO         9318    i.VL53L1_GetRangingMeasurementData  vl53l1_api.o
    0x0800abda   0x0800abda   0x0000001e   Code   RO         9319    i.VL53L1_GetSequenceStepEnable  vl53l1_api.o
    0x0800abf8   0x0800abf8   0x00000016   Code   RO         9135    i.VL53L1_RdByte     vl53l1_platform.o
    0x0800ac0e   0x0800ac0e   0x0000002a   Code   RO         9137    i.VL53L1_RdWord     vl53l1_platform.o
    0x0800ac38   0x0800ac38   0x00000040   Code   RO         9138    i.VL53L1_ReadMulti  vl53l1_platform.o
    0x0800ac78   0x0800ac78   0x00000096   Code   RO         9332    i.VL53L1_SetDistanceMode  vl53l1_api.o
    0x0800ad0e   0x0800ad0e   0x00000028   Code   RO         9333    i.VL53L1_SetInterMeasurementPeriodMilliSeconds  vl53l1_api.o
    0x0800ad36   0x0800ad36   0x00000048   Code   RO         9334    i.VL53L1_SetLimitCheckEnable  vl53l1_api.o
    0x0800ad7e   0x0800ad7e   0x00000046   Code   RO         9335    i.VL53L1_SetLimitCheckValue  vl53l1_api.o
    0x0800adc4   0x0800adc4   0x00000128   Code   RO         9336    i.VL53L1_SetMeasurementTimingBudgetMicroSeconds  vl53l1_api.o
    0x0800aeec   0x0800aeec   0x00000062   Code   RO         9338    i.VL53L1_SetPresetMode  vl53l1_api.o
    0x0800af4e   0x0800af4e   0x000000a0   Code   RO         9344    i.VL53L1_StartMeasurement  vl53l1_api.o
    0x0800afee   0x0800afee   0x0000002e   Code   RO         9345    i.VL53L1_StaticInit  vl53l1_api.o
    0x0800b01c   0x0800b01c   0x00000016   Code   RO         9348    i.VL53L1_WaitMeasurementDataReady  vl53l1_api.o
    0x0800b032   0x0800b032   0x00000010   Code   RO         9140    i.VL53L1_WaitMs     vl53l1_platform.o
    0x0800b042   0x0800b042   0x00000002   PAD
    0x0800b044   0x0800b044   0x00000030   Code   RO         9141    i.VL53L1_WaitUs     vl53l1_platform.o
    0x0800b074   0x0800b074   0x00000070   Code   RO         9142    i.VL53L1_WaitValueMaskEx  vl53l1_platform.o
    0x0800b0e4   0x0800b0e4   0x00000040   Code   RO         9146    i.VL53L1_WriteMulti  vl53l1_platform.o
    0x0800b124   0x0800b124   0x00000020   Code   RO        10249    i.VL53L1_calc_decoded_timeout_us  vl53l1_core.o
    0x0800b144   0x0800b144   0x00000020   Code   RO        10250    i.VL53L1_calc_encoded_timeout  vl53l1_core.o
    0x0800b164   0x0800b164   0x00000032   Code   RO        10251    i.VL53L1_calc_macro_period_us  vl53l1_core.o
    0x0800b196   0x0800b196   0x0000000e   Code   RO        10596    i.VL53L1_calc_pll_period_us  vl53l1_core_support.o
    0x0800b1a4   0x0800b1a4   0x00000068   Code   RO        10253    i.VL53L1_calc_range_ignore_threshold  vl53l1_core.o
    0x0800b20c   0x0800b20c   0x00000010   Code   RO        10254    i.VL53L1_calc_timeout_mclks  vl53l1_core.o
    0x0800b21c   0x0800b21c   0x00000096   Code   RO        10255    i.VL53L1_calc_timeout_register_values  vl53l1_core.o
    0x0800b2b2   0x0800b2b2   0x00000026   Code   RO        10256    i.VL53L1_calc_timeout_us  vl53l1_core.o
    0x0800b2d8   0x0800b2d8   0x00000068   Code   RO        10257    i.VL53L1_check_ll_driver_rd_state  vl53l1_core.o
    0x0800b340   0x0800b340   0x0000001a   Code   RO         9759    i.VL53L1_clear_interrupt_and_enable_next_range  vl53l1_api_core.o
    0x0800b35a   0x0800b35a   0x0000001e   Code   RO        10259    i.VL53L1_config_low_power_auto_mode  vl53l1_core.o
    0x0800b378   0x0800b378   0x00000086   Code   RO        10260    i.VL53L1_copy_rtn_good_spads_to_buffer  vl53l1_core.o
    0x0800b3fe   0x0800b3fe   0x000001e6   Code   RO         9760    i.VL53L1_copy_sys_and_core_results_to_range_results  vl53l1_api_core.o
    0x0800b5e4   0x0800b5e4   0x000000c6   Code   RO         9761    i.VL53L1_data_init  vl53l1_api_core.o
    0x0800b6aa   0x0800b6aa   0x0000002e   Code   RO        10597    i.VL53L1_decode_row_col  vl53l1_core_support.o
    0x0800b6d8   0x0800b6d8   0x0000000e   Code   RO        10262    i.VL53L1_decode_timeout  vl53l1_core.o
    0x0800b6e6   0x0800b6e6   0x0000000c   Code   RO        10598    i.VL53L1_decode_vcsel_period  vl53l1_core_support.o
    0x0800b6f2   0x0800b6f2   0x0000000c   Code   RO        10265    i.VL53L1_decode_zone_size  vl53l1_core.o
    0x0800b6fe   0x0800b6fe   0x00000022   Code   RO        10271    i.VL53L1_encode_row_col  vl53l1_core.o
    0x0800b720   0x0800b720   0x00000028   Code   RO        10272    i.VL53L1_encode_timeout  vl53l1_core.o
    0x0800b748   0x0800b748   0x00000008   Code   RO        10275    i.VL53L1_encode_zone_size  vl53l1_core.o
    0x0800b750   0x0800b750   0x0000002e   Code   RO        10632    i.VL53L1_get_customer_nvm_managed  vl53l1_register_funcs.o
    0x0800b77e   0x0800b77e   0x000000a8   Code   RO         9766    i.VL53L1_get_device_results  vl53l1_api_core.o
    0x0800b826   0x0800b826   0x0000002c   Code   RO         9767    i.VL53L1_get_inter_measurement_period_ms  vl53l1_api_core.o
    0x0800b852   0x0800b852   0x00000012   Code   RO         9769    i.VL53L1_get_lite_min_count_rate  vl53l1_api_core.o
    0x0800b864   0x0800b864   0x00000012   Code   RO         9770    i.VL53L1_get_lite_sigma_threshold  vl53l1_api_core.o
    0x0800b876   0x0800b876   0x000000b2   Code   RO         9772    i.VL53L1_get_measurement_results  vl53l1_api_core.o
    0x0800b928   0x0800b928   0x00000042   Code   RO         9773    i.VL53L1_get_mode_mitigation_roi  vl53l1_api_core.o
    0x0800b96a   0x0800b96a   0x00000030   Code   RO        10633    i.VL53L1_get_nvm_copy_data  vl53l1_register_funcs.o
    0x0800b99a   0x0800b99a   0x000000ca   Code   RO         9777    i.VL53L1_get_preset_mode_timing_cfg  vl53l1_api_core.o
    0x0800ba64   0x0800ba64   0x00000034   Code   RO         9780    i.VL53L1_get_sequence_config_bit  vl53l1_api_core.o
    0x0800ba98   0x0800ba98   0x0000002a   Code   RO        10634    i.VL53L1_get_static_nvm_managed  vl53l1_register_funcs.o
    0x0800bac2   0x0800bac2   0x00000098   Code   RO         9781    i.VL53L1_get_timeouts_us  vl53l1_api_core.o
    0x0800bb5a   0x0800bb5a   0x0000025e   Code   RO         9782    i.VL53L1_get_tuning_parm  vl53l1_api_core.o
    0x0800bdb8   0x0800bdb8   0x0000002e   Code   RO         9783    i.VL53L1_get_user_zone  vl53l1_api_core.o
    0x0800bde6   0x0800bde6   0x00000080   Code   RO        10636    i.VL53L1_i2c_decode_core_results  vl53l1_register_funcs.o
    0x0800be66   0x0800be66   0x000000a4   Code   RO        10637    i.VL53L1_i2c_decode_customer_nvm_managed  vl53l1_register_funcs.o
    0x0800bf0a   0x0800bf0a   0x0000018a   Code   RO        10638    i.VL53L1_i2c_decode_debug_results  vl53l1_register_funcs.o
    0x0800c094   0x0800c094   0x00000026   Code   RO        10277    i.VL53L1_i2c_decode_int16_t  vl53l1_core.o
    0x0800c0ba   0x0800c0ba   0x00000024   Code   RO        10278    i.VL53L1_i2c_decode_int32_t  vl53l1_core.o
    0x0800c0de   0x0800c0de   0x00000142   Code   RO        10640    i.VL53L1_i2c_decode_nvm_copy_data  vl53l1_register_funcs.o
    0x0800c220   0x0800c220   0x00000062   Code   RO        10642    i.VL53L1_i2c_decode_static_nvm_managed  vl53l1_register_funcs.o
    0x0800c282   0x0800c282   0x00000124   Code   RO        10643    i.VL53L1_i2c_decode_system_results  vl53l1_register_funcs.o
    0x0800c3a6   0x0800c3a6   0x0000001e   Code   RO        10279    i.VL53L1_i2c_decode_uint16_t  vl53l1_core.o
    0x0800c3c4   0x0800c3c4   0x0000001c   Code   RO        10280    i.VL53L1_i2c_decode_uint32_t  vl53l1_core.o
    0x0800c3e0   0x0800c3e0   0x000000ac   Code   RO        10644    i.VL53L1_i2c_encode_customer_nvm_managed  vl53l1_register_funcs.o
    0x0800c48c   0x0800c48c   0x0000008c   Code   RO        10645    i.VL53L1_i2c_encode_dynamic_config  vl53l1_register_funcs.o
    0x0800c518   0x0800c518   0x00000092   Code   RO        10646    i.VL53L1_i2c_encode_general_config  vl53l1_register_funcs.o
    0x0800c5aa   0x0800c5aa   0x00000020   Code   RO        10282    i.VL53L1_i2c_encode_int16_t  vl53l1_core.o
    0x0800c5ca   0x0800c5ca   0x000000e6   Code   RO        10647    i.VL53L1_i2c_encode_static_config  vl53l1_register_funcs.o
    0x0800c6b0   0x0800c6b0   0x00000062   Code   RO        10648    i.VL53L1_i2c_encode_static_nvm_managed  vl53l1_register_funcs.o
    0x0800c712   0x0800c712   0x00000038   Code   RO        10649    i.VL53L1_i2c_encode_system_control  vl53l1_register_funcs.o
    0x0800c74a   0x0800c74a   0x00000090   Code   RO        10650    i.VL53L1_i2c_encode_timing_config  vl53l1_register_funcs.o
    0x0800c7da   0x0800c7da   0x00000020   Code   RO        10284    i.VL53L1_i2c_encode_uint16_t  vl53l1_core.o
    0x0800c7fa   0x0800c7fa   0x00000020   Code   RO        10285    i.VL53L1_i2c_encode_uint32_t  vl53l1_core.o
    0x0800c81a   0x0800c81a   0x00000274   Code   RO         9787    i.VL53L1_init_and_start_range  vl53l1_api_core.o
    0x0800ca8e   0x0800ca8e   0x00000026   Code   RO        10286    i.VL53L1_init_ll_driver_state  vl53l1_core.o
    0x0800cab4   0x0800cab4   0x00000026   Code   RO        10101    i.VL53L1_init_offset_cal_config_struct  vl53l1_api_preset_modes.o
    0x0800cada   0x0800cada   0x00000022   Code   RO        10102    i.VL53L1_init_refspadchar_config_struct  vl53l1_api_preset_modes.o
    0x0800cafc   0x0800cafc   0x00000020   Code   RO        10103    i.VL53L1_init_ssc_config_struct  vl53l1_api_preset_modes.o
    0x0800cb1c   0x0800cb1c   0x000000a4   Code   RO        10104    i.VL53L1_init_tuning_parm_storage_struct  vl53l1_api_preset_modes.o
    0x0800cbc0   0x0800cbc0   0x0000001c   Code   RO        10288    i.VL53L1_init_version  vl53l1_core.o
    0x0800cbdc   0x0800cbdc   0x00000066   Code   RO        10105    i.VL53L1_init_xtalk_config_struct  vl53l1_api_preset_modes.o
    0x0800cc42   0x0800cc42   0x00000034   Code   RO        10290    i.VL53L1_low_power_auto_data_init  vl53l1_core.o
    0x0800cc76   0x0800cc76   0x00000050   Code   RO        10291    i.VL53L1_low_power_auto_data_stop_range  vl53l1_core.o
    0x0800ccc6   0x0800ccc6   0x00000062   Code   RO        10292    i.VL53L1_low_power_auto_setup_manual_calibration  vl53l1_core.o
    0x0800cd28   0x0800cd28   0x0000009e   Code   RO        10293    i.VL53L1_low_power_auto_update_DSS  vl53l1_core.o
    0x0800cdc6   0x0800cdc6   0x00000042   Code   RO        10805    i.VL53L1_poll_for_range_completion  vl53l1_wait.o
    0x0800ce08   0x0800ce08   0x0000003c   Code   RO        10106    i.VL53L1_preset_mode_low_power_auto_long_ranging  vl53l1_api_preset_modes.o
    0x0800ce44   0x0800ce44   0x0000003c   Code   RO        10107    i.VL53L1_preset_mode_low_power_auto_ranging  vl53l1_api_preset_modes.o
    0x0800ce80   0x0800ce80   0x0000003c   Code   RO        10108    i.VL53L1_preset_mode_low_power_auto_short_ranging  vl53l1_api_preset_modes.o
    0x0800cebc   0x0800cebc   0x00000030   Code   RO        10109    i.VL53L1_preset_mode_olt  vl53l1_api_preset_modes.o
    0x0800ceec   0x0800ceec   0x0000004e   Code   RO        10110    i.VL53L1_preset_mode_singleshot_ranging  vl53l1_api_preset_modes.o
    0x0800cf3a   0x0800cf3a   0x0000013a   Code   RO        10111    i.VL53L1_preset_mode_standard_ranging  vl53l1_api_preset_modes.o
    0x0800d074   0x0800d074   0x00000054   Code   RO        10112    i.VL53L1_preset_mode_standard_ranging_long_range  vl53l1_api_preset_modes.o
    0x0800d0c8   0x0800d0c8   0x00000034   Code   RO        10113    i.VL53L1_preset_mode_standard_ranging_mm1_cal  vl53l1_api_preset_modes.o
    0x0800d0fc   0x0800d0fc   0x00000034   Code   RO        10114    i.VL53L1_preset_mode_standard_ranging_mm2_cal  vl53l1_api_preset_modes.o
    0x0800d130   0x0800d130   0x00000054   Code   RO        10115    i.VL53L1_preset_mode_standard_ranging_short_range  vl53l1_api_preset_modes.o
    0x0800d184   0x0800d184   0x00000054   Code   RO        10116    i.VL53L1_preset_mode_timed_ranging  vl53l1_api_preset_modes.o
    0x0800d1d8   0x0800d1d8   0x00000054   Code   RO        10117    i.VL53L1_preset_mode_timed_ranging_long_range  vl53l1_api_preset_modes.o
    0x0800d22c   0x0800d22c   0x00000056   Code   RO        10118    i.VL53L1_preset_mode_timed_ranging_short_range  vl53l1_api_preset_modes.o
    0x0800d282   0x0800d282   0x0000009c   Code   RO         9788    i.VL53L1_read_p2p_data  vl53l1_api_core.o
    0x0800d31e   0x0800d31e   0x0000002a   Code   RO         9793    i.VL53L1_set_inter_measurement_period_ms  vl53l1_api_core.o
    0x0800d348   0x0800d348   0x00000010   Code   RO         9795    i.VL53L1_set_lite_min_count_rate  vl53l1_api_core.o
    0x0800d358   0x0800d358   0x00000010   Code   RO         9796    i.VL53L1_set_lite_sigma_threshold  vl53l1_api_core.o
    0x0800d368   0x0800d368   0x000001da   Code   RO         9801    i.VL53L1_set_preset_mode  vl53l1_api_core.o
    0x0800d542   0x0800d542   0x0000002a   Code   RO        10656    i.VL53L1_set_system_control  vl53l1_register_funcs.o
    0x0800d56c   0x0800d56c   0x00000050   Code   RO         9805    i.VL53L1_set_timeouts_us  vl53l1_api_core.o
    0x0800d5bc   0x0800d5bc   0x0000002a   Code   RO         9807    i.VL53L1_set_user_zone  vl53l1_api_core.o
    0x0800d5e6   0x0800d5e6   0x00000020   Code   RO         9809    i.VL53L1_set_vhv_loopbound  vl53l1_api_core.o
    0x0800d606   0x0800d606   0x00000054   Code   RO         9811    i.VL53L1_stop_range  vl53l1_api_core.o
    0x0800d65a   0x0800d65a   0x00000082   Code   RO        10303    i.VL53L1_update_ll_driver_cfg_state  vl53l1_core.o
    0x0800d6dc   0x0800d6dc   0x000000ac   Code   RO        10304    i.VL53L1_update_ll_driver_rd_state  vl53l1_core.o
    0x0800d788   0x0800d788   0x00000020   Code   RO        11161    i.__0printf         mc_w.l(printfa.o)
    0x0800d7a8   0x0800d7a8   0x00000028   Code   RO        11163    i.__0sprintf        mc_w.l(printfa.o)
    0x0800d7d0   0x0800d7d0   0x00000030   Code   RO        11227    i.__ARM_fpclassify  m_wv.l(fpclassify.o)
    0x0800d800   0x0800d800   0x00000010   Code   RO         3925    i.__NVIC_GetPriorityGrouping  stm32h7xx_hal_cortex.o
    0x0800d810   0x0800d810   0x00000028   Code   RO         3926    i.__NVIC_SetPriority  stm32h7xx_hal_cortex.o
    0x0800d838   0x0800d838   0x00000006   Code   RO         8375    i.__get_IPSR        cmsis_os2.o
    0x0800d83e   0x0800d83e   0x00000002   PAD
    0x0800d840   0x0800d840   0x00000208   Code   RO        10866    i.__hardfp_asin     m_wv.l(asin.o)
    0x0800da48   0x0800da48   0x00000200   Code   RO        11193    i.__hardfp_atan     m_wv.l(atan.o)
    0x0800dc48   0x0800dc48   0x000001c0   Code   RO        10880    i.__hardfp_atan2    m_wv.l(atan2.o)
    0x0800de08   0x0800de08   0x0000003a   Code   RO        10892    i.__hardfp_sqrtf    m_wv.l(sqrtf.o)
    0x0800de42   0x0800de42   0x00000070   Code   RO        11229    i.__kernel_poly     m_wv.l(poly.o)
    0x0800deb2   0x0800deb2   0x00000006   Code   RO        11208    i.__mathlib_dbl_infnan  m_wv.l(dunder.o)
    0x0800deb8   0x0800deb8   0x00000006   Code   RO        11209    i.__mathlib_dbl_infnan2  m_wv.l(dunder.o)
    0x0800debe   0x0800debe   0x00000002   PAD
    0x0800dec0   0x0800dec0   0x00000018   Code   RO        11210    i.__mathlib_dbl_invalid  m_wv.l(dunder.o)
    0x0800ded8   0x0800ded8   0x00000018   Code   RO        11213    i.__mathlib_dbl_underflow  m_wv.l(dunder.o)
    0x0800def0   0x0800def0   0x0000000e   Code   RO        11303    i.__scatterload_copy  mc_w.l(handlers.o)
    0x0800defe   0x0800defe   0x00000002   Code   RO        11304    i.__scatterload_null  mc_w.l(handlers.o)
    0x0800df00   0x0800df00   0x0000000e   Code   RO        11305    i.__scatterload_zeroinit  mc_w.l(handlers.o)
    0x0800df0e   0x0800df0e   0x00000002   PAD
    0x0800df10   0x0800df10   0x0000000c   Code   RO        11266    i.__set_errno       mc_w.l(errno.o)
    0x0800df1c   0x0800df1c   0x00000184   Code   RO        11168    i._fp_digits        mc_w.l(printfa.o)
    0x0800e0a0   0x0800e0a0   0x000006dc   Code   RO        11169    i._printf_core      mc_w.l(printfa.o)
    0x0800e77c   0x0800e77c   0x00000024   Code   RO        11170    i._printf_post_padding  mc_w.l(printfa.o)
    0x0800e7a0   0x0800e7a0   0x0000002e   Code   RO        11171    i._printf_pre_padding  mc_w.l(printfa.o)
    0x0800e7ce   0x0800e7ce   0x0000000a   Code   RO        11173    i._sputc            mc_w.l(printfa.o)
    0x0800e7d8   0x0800e7d8   0x000000c0   Code   RO         6381    i.accel_self_test   inv_mpu.o
    0x0800e898   0x0800e898   0x00000010   Code   RO        11195    i.atan              m_wv.l(atan.o)
    0x0800e8a8   0x0800e8a8   0x00000288   Code   RO         6039    i.compute_attention_from_adc  attention.o
    0x0800eb30   0x0800eb30   0x00000064   Code   RO         6732    i.decode_gesture    inv_mpu_dmp_motion_driver.o
    0x0800eb94   0x0800eb94   0x0000003c   Code   RO         6733    i.dmp_enable_6x_lp_quat  inv_mpu_dmp_motion_driver.o
    0x0800ebd0   0x0800ebd0   0x0000021c   Code   RO         6734    i.dmp_enable_feature  inv_mpu_dmp_motion_driver.o
    0x0800edec   0x0800edec   0x00000058   Code   RO         6735    i.dmp_enable_gyro_cal  inv_mpu_dmp_motion_driver.o
    0x0800ee44   0x0800ee44   0x0000003c   Code   RO         6736    i.dmp_enable_lp_quat  inv_mpu_dmp_motion_driver.o
    0x0800ee80   0x0800ee80   0x00000018   Code   RO         6741    i.dmp_load_motion_driver_firmware  inv_mpu_dmp_motion_driver.o
    0x0800ee98   0x0800ee98   0x000001cc   Code   RO         6742    i.dmp_read_fifo     inv_mpu_dmp_motion_driver.o
    0x0800f064   0x0800f064   0x00000130   Code   RO         6745    i.dmp_set_accel_bias  inv_mpu_dmp_motion_driver.o
    0x0800f194   0x0800f194   0x00000070   Code   RO         6746    i.dmp_set_fifo_rate  inv_mpu_dmp_motion_driver.o
    0x0800f204   0x0800f204   0x00000130   Code   RO         6747    i.dmp_set_gyro_bias  inv_mpu_dmp_motion_driver.o
    0x0800f334   0x0800f334   0x00000138   Code   RO         6749    i.dmp_set_orientation  inv_mpu_dmp_motion_driver.o
    0x0800f46c   0x0800f46c   0x00000038   Code   RO         6752    i.dmp_set_shake_reject_thresh  inv_mpu_dmp_motion_driver.o
    0x0800f4a4   0x0800f4a4   0x00000026   Code   RO         6753    i.dmp_set_shake_reject_time  inv_mpu_dmp_motion_driver.o
    0x0800f4ca   0x0800f4ca   0x00000026   Code   RO         6754    i.dmp_set_shake_reject_timeout  inv_mpu_dmp_motion_driver.o
    0x0800f4f0   0x0800f4f0   0x00000046   Code   RO         6755    i.dmp_set_tap_axes  inv_mpu_dmp_motion_driver.o
    0x0800f536   0x0800f536   0x00000026   Code   RO         6756    i.dmp_set_tap_count  inv_mpu_dmp_motion_driver.o
    0x0800f55c   0x0800f55c   0x000001c0   Code   RO         6757    i.dmp_set_tap_thresh  inv_mpu_dmp_motion_driver.o
    0x0800f71c   0x0800f71c   0x00000026   Code   RO         6758    i.dmp_set_tap_time  inv_mpu_dmp_motion_driver.o
    0x0800f742   0x0800f742   0x00000026   Code   RO         6759    i.dmp_set_tap_time_multi  inv_mpu_dmp_motion_driver.o
    0x0800f768   0x0800f768   0x00000018   Code   RO        11223    i.fabs              m_wv.l(fabs.o)
    0x0800f780   0x0800f780   0x0000001c   Code   RO         6125    i.fputc             l431_uart.o
    0x0800f79c   0x0800f79c   0x000000d0   Code   RO         6382    i.get_accel_prod_shift  inv_mpu.o
    0x0800f86c   0x0800f86c   0x00000470   Code   RO         6383    i.get_st_biases     inv_mpu.o
    0x0800fcdc   0x0800fcdc   0x0000011c   Code   RO         6384    i.gyro_self_test    inv_mpu.o
    0x0800fdf8   0x0800fdf8   0x00000028   Code   RO         6385    i.inv_orientation_matrix_to_scalar  inv_mpu.o
    0x0800fe20   0x0800fe20   0x0000004e   Code   RO         6386    i.inv_row_2_scale   inv_mpu.o
    0x0800fe6e   0x0800fe6e   0x00000002   PAD
    0x0800fe70   0x0800fe70   0x000001fc   Code   RO           18    i.main              main.o
    0x0801006c   0x0801006c   0x00000002   Code   RO         6387    i.mget_ms           inv_mpu.o
    0x0801006e   0x0801006e   0x00000002   PAD
    0x08010070   0x08010070   0x00000070   Code   RO         6388    i.mpu_configure_fifo  inv_mpu.o
    0x080100e0   0x080100e0   0x0000019c   Code   RO         6389    i.mpu_dmp_get_data  inv_mpu.o
    0x0801027c   0x0801027c   0x0000008c   Code   RO         6390    i.mpu_dmp_init      inv_mpu.o
    0x08010308   0x08010308   0x0000004c   Code   RO         6391    i.mpu_get_accel_fsr  inv_mpu.o
    0x08010354   0x08010354   0x00000054   Code   RO         6393    i.mpu_get_accel_sens  inv_mpu.o
    0x080103a8   0x080103a8   0x00000010   Code   RO         6398    i.mpu_get_fifo_config  inv_mpu.o
    0x080103b8   0x080103b8   0x00000044   Code   RO         6399    i.mpu_get_gyro_fsr  inv_mpu.o
    0x080103fc   0x080103fc   0x00000060   Code   RO         6401    i.mpu_get_gyro_sens  inv_mpu.o
    0x0801045c   0x0801045c   0x00000050   Code   RO         6403    i.mpu_get_lpf       inv_mpu.o
    0x080104ac   0x080104ac   0x00000020   Code   RO         6405    i.mpu_get_sample_rate  inv_mpu.o
    0x080104cc   0x080104cc   0x000000b8   Code   RO         6408    i.mpu_load_firmware  inv_mpu.o
    0x08010584   0x08010584   0x000000e0   Code   RO         6409    i.mpu_lp_accel_mode  inv_mpu.o
    0x08010664   0x08010664   0x000000c0   Code   RO         6412    i.mpu_read_fifo_stream  inv_mpu.o
    0x08010724   0x08010724   0x00000080   Code   RO         6413    i.mpu_read_mem      inv_mpu.o
    0x080107a4   0x080107a4   0x000001c8   Code   RO         6416    i.mpu_reset_fifo    inv_mpu.o
    0x0801096c   0x0801096c   0x0000011c   Code   RO         6417    i.mpu_run_self_test  inv_mpu.o
    0x08010a88   0x08010a88   0x00000084   Code   RO         6419    i.mpu_set_accel_fsr  inv_mpu.o
    0x08010b0c   0x08010b0c   0x0000014c   Code   RO         6420    i.mpu_set_bypass    inv_mpu.o
    0x08010c58   0x08010c58   0x00000090   Code   RO         6422    i.mpu_set_dmp_state  inv_mpu.o
    0x08010ce8   0x08010ce8   0x00000088   Code   RO         6423    i.mpu_set_gyro_fsr  inv_mpu.o
    0x08010d70   0x08010d70   0x0000006c   Code   RO         6424    i.mpu_set_int_latched  inv_mpu.o
    0x08010ddc   0x08010ddc   0x00000084   Code   RO         6426    i.mpu_set_lpf       inv_mpu.o
    0x08010e60   0x08010e60   0x0000009c   Code   RO         6427    i.mpu_set_sample_rate  inv_mpu.o
    0x08010efc   0x08010efc   0x000000d0   Code   RO         6428    i.mpu_set_sensors   inv_mpu.o
    0x08010fcc   0x08010fcc   0x00000080   Code   RO         6429    i.mpu_write_mem     inv_mpu.o
    0x0801104c   0x0801104c   0x0000001e   Code   RO         8376    i.osDelay           cmsis_os2.o
    0x0801106a   0x0801106a   0x00000002   PAD
    0x0801106c   0x0801106c   0x0000002c   Code   RO         8390    i.osKernelInitialize  cmsis_os2.o
    0x08011098   0x08011098   0x00000060   Code   RO         8393    i.osKernelStart     cmsis_os2.o
    0x080110f8   0x080110f8   0x000000b8   Code   RO         8435    i.osThreadNew       cmsis_os2.o
    0x080111b0   0x080111b0   0x0000007c   Code   RO         7813    i.prvAddCurrentTaskToDelayedList  tasks.o
    0x0801122c   0x0801122c   0x000000b8   Code   RO         7814    i.prvAddNewTaskToReadyList  tasks.o
    0x080112e4   0x080112e4   0x00000074   Code   RO         8189    i.prvCheckForValidListAndQueue  timers.o
    0x08011358   0x08011358   0x00000048   Code   RO         7815    i.prvCheckTasksWaitingTermination  tasks.o
    0x080113a0   0x080113a0   0x0000002a   Code   RO         7400    i.prvCopyDataFromQueue  queue.o
    0x080113ca   0x080113ca   0x0000007e   Code   RO         7401    i.prvCopyDataToQueue  queue.o
    0x08011448   0x08011448   0x00000050   Code   RO         7816    i.prvDeleteTCB      tasks.o
    0x08011498   0x08011498   0x00000028   Code   RO         8190    i.prvGetNextExpireTime  timers.o
    0x080114c0   0x080114c0   0x0000007c   Code   RO         8907    i.prvHeapInit       heap_4.o
    0x0801153c   0x0801153c   0x00000028   Code   RO         7817    i.prvIdleTask       tasks.o
    0x08011564   0x08011564   0x0000002a   Code   RO         7404    i.prvInitialiseNewQueue  queue.o
    0x0801158e   0x0801158e   0x000000be   Code   RO         7818    i.prvInitialiseNewTask  tasks.o
    0x0801164c   0x0801164c   0x00000068   Code   RO         7819    i.prvInitialiseTaskLists  tasks.o
    0x080116b4   0x080116b4   0x00000068   Code   RO         8908    i.prvInsertBlockIntoFreeList  heap_4.o
    0x0801171c   0x0801171c   0x00000058   Code   RO         8192    i.prvInsertTimerInActiveList  timers.o
    0x08011774   0x08011774   0x0000001a   Code   RO         7405    i.prvIsQueueEmpty   queue.o
    0x0801178e   0x0801178e   0x0000001e   Code   RO         7406    i.prvIsQueueFull    queue.o
    0x080117ac   0x080117ac   0x00000074   Code   RO         8193    i.prvProcessExpiredTimer  timers.o
    0x08011820   0x08011820   0x00000164   Code   RO         8194    i.prvProcessReceivedCommands  timers.o
    0x08011984   0x08011984   0x00000074   Code   RO         8195    i.prvProcessTimerOrBlockTask  timers.o
    0x080119f8   0x080119f8   0x00000034   Code   RO         7821    i.prvResetNextTaskUnblockTime  tasks.o
    0x08011a2c   0x08011a2c   0x0000002c   Code   RO         8196    i.prvSampleTimeNow  timers.o
    0x08011a58   0x08011a58   0x000000a4   Code   RO         8197    i.prvSwitchTimerLists  timers.o
    0x08011afc   0x08011afc   0x00000040   Code   RO         8963    i.prvTaskExitError  port.o
    0x08011b3c   0x08011b3c   0x0000001a   Code   RO         8198    i.prvTimerTask      timers.o
    0x08011b56   0x08011b56   0x0000007e   Code   RO         7407    i.prvUnlockQueue    queue.o
    0x08011bd4   0x08011bd4   0x0000014c   Code   RO         8909    i.pvPortMalloc      heap_4.o
    0x08011d20   0x08011d20   0x0000002c   Code   RO         8964    i.pxPortInitialiseStack  port.o
    0x08011d4c   0x08011d4c   0x0000009a   Code   RO         6430    i.run_self_test     inv_mpu.o
    0x08011de6   0x08011de6   0x00000002   PAD
    0x08011de8   0x08011de8   0x00000090   Code   RO         6431    i.set_int_enable    inv_mpu.o
    0x08011e78   0x08011e78   0x0000006a   Code   RO        11234    i.sqrt              m_wv.l(sqrt.o)
    0x08011ee2   0x08011ee2   0x00000028   Code   RO         7360    i.uxListRemove      list.o
    0x08011f0a   0x08011f0a   0x00000002   PAD
    0x08011f0c   0x08011f0c   0x00000018   Code   RO         8447    i.vApplicationGetIdleTaskMemory  cmsis_os2.o
    0x08011f24   0x08011f24   0x00000018   Code   RO         8448    i.vApplicationGetTimerTaskMemory  cmsis_os2.o
    0x08011f3c   0x08011f3c   0x00000044   Code   RO          379    i.vBalanceControlTask  freertos.o
    0x08011f80   0x08011f80   0x0000001a   Code   RO         7361    i.vListInitialise   list.o
    0x08011f9a   0x08011f9a   0x00000006   Code   RO         7362    i.vListInitialiseItem  list.o
    0x08011fa0   0x08011fa0   0x00000034   Code   RO         7363    i.vListInsert       list.o
    0x08011fd4   0x08011fd4   0x00000018   Code   RO         7364    i.vListInsertEnd    list.o
    0x08011fec   0x08011fec   0x00000044   Code   RO          380    i.vMPU6050_Task     freertos.o
    0x08012030   0x08012030   0x00000054   Code   RO         8966    i.vPortEnterCritical  port.o
    0x08012084   0x08012084   0x0000003c   Code   RO         8967    i.vPortExitCritical  port.o
    0x080120c0   0x080120c0   0x000000a4   Code   RO         8910    i.vPortFree         heap_4.o
    0x08012164   0x08012164   0x00000028   Code   RO         8968    i.vPortSetupTimerInterrupt  port.o
    0x0801218c   0x0801218c   0x00000078   Code   RO         8969    i.vPortValidateInterruptPriority  port.o
    0x08012204   0x08012204   0x0000002c   Code   RO         7413    i.vQueueAddToRegistry  queue.o
    0x08012230   0x08012230   0x0000004a   Code   RO         7417    i.vQueueWaitForMessageRestricted  queue.o
    0x0801227a   0x0801227a   0x00000002   PAD
    0x0801227c   0x0801227c   0x0000004c   Code   RO          382    i.vTOF_ReadTask     freertos.o
    0x080122c8   0x080122c8   0x0000005c   Code   RO         7834    i.vTaskDelay        tasks.o
    0x08012324   0x08012324   0x00000018   Code   RO         7839    i.vTaskInternalSetTimeOutState  tasks.o
    0x0801233c   0x0801233c   0x0000000c   Code   RO         7840    i.vTaskMissedYield  tasks.o
    0x08012348   0x08012348   0x00000038   Code   RO         7842    i.vTaskPlaceOnEventList  tasks.o
    0x08012380   0x08012380   0x00000040   Code   RO         7843    i.vTaskPlaceOnEventListRestricted  tasks.o
    0x080123c0   0x080123c0   0x000000b8   Code   RO         7851    i.vTaskStartScheduler  tasks.o
    0x08012478   0x08012478   0x00000010   Code   RO         7853    i.vTaskSuspendAll   tasks.o
    0x08012488   0x08012488   0x00000090   Code   RO         7854    i.vTaskSwitchContext  tasks.o
    0x08012518   0x08012518   0x000000a0   Code   RO          383    i.vUART_ProcessTask  freertos.o
    0x080125b8   0x080125b8   0x00000168   Code   RO         8970    i.xPortStartScheduler  port.o
    0x08012720   0x08012720   0x00000034   Code   RO         8971    i.xPortSysTickHandler  port.o
    0x08012754   0x08012754   0x0000005a   Code   RO         7422    i.xQueueGenericCreate  queue.o
    0x080127ae   0x080127ae   0x000000e0   Code   RO         7423    i.xQueueGenericCreateStatic  queue.o
    0x0801288e   0x0801288e   0x00000002   PAD
    0x08012890   0x08012890   0x00000098   Code   RO         7424    i.xQueueGenericReset  queue.o
    0x08012928   0x08012928   0x000001a8   Code   RO         7425    i.xQueueGenericSend  queue.o
    0x08012ad0   0x08012ad0   0x000000fc   Code   RO         7426    i.xQueueGenericSendFromISR  queue.o
    0x08012bcc   0x08012bcc   0x00000168   Code   RO         7435    i.xQueueReceive     queue.o
    0x08012d34   0x08012d34   0x0000008c   Code   RO         7856    i.xTaskCheckForTimeOut  tasks.o
    0x08012dc0   0x08012dc0   0x00000064   Code   RO         7857    i.xTaskCreate       tasks.o
    0x08012e24   0x08012e24   0x000000ba   Code   RO         7858    i.xTaskCreateStatic  tasks.o
    0x08012ede   0x08012ede   0x00000002   PAD
    0x08012ee0   0x08012ee0   0x00000020   Code   RO         7862    i.xTaskGetSchedulerState  tasks.o
    0x08012f00   0x08012f00   0x0000000c   Code   RO         7863    i.xTaskGetTickCount  tasks.o
    0x08012f0c   0x08012f0c   0x00000144   Code   RO         7865    i.xTaskIncrementTick  tasks.o
    0x08013050   0x08013050   0x000000a4   Code   RO         7868    i.xTaskPriorityDisinherit  tasks.o
    0x080130f4   0x080130f4   0x00000098   Code   RO         7870    i.xTaskRemoveFromEventList  tasks.o
    0x0801318c   0x0801318c   0x00000104   Code   RO         7871    i.xTaskResumeAll    tasks.o
    0x08013290   0x08013290   0x00000078   Code   RO         8207    i.xTimerCreateTimerTask  timers.o
    0x08013308   0x08013308   0x00000084   Code   RO         8208    i.xTimerGenericCommand  timers.o
    0x0801338c   0x0801338c   0x00000044   Data   RO          384    .constdata          freertos.o
    0x080133d0   0x080133d0   0x00000018   Data   RO         5376    .constdata          stm32h7xx_hal_uart.o
    0x080133e8   0x080133e8   0x00000010   Data   RO         5747    .constdata          stm32h7xx_hal_uart_ex.o
    0x080133f8   0x080133f8   0x00000010   Data   RO         5857    .constdata          system_stm32h7xx.o
    0x08013408   0x08013408   0x00000050   Data   RO         6433    .constdata          inv_mpu.o
    0x08013458   0x08013458   0x00000bf6   Data   RO         6761    .constdata          inv_mpu_dmp_motion_driver.o
    0x0801404e   0x0801404e   0x00000002   PAD
    0x08014050   0x08014050   0x00000050   Data   RO        10869    .constdata          m_wv.l(asin.o)
    0x080140a0   0x080140a0   0x00000098   Data   RO        11196    .constdata          m_wv.l(atan.o)
    0x08014138   0x08014138   0x00000008   Data   RO        11231    .constdata          m_wv.l(qnan.o)
    0x08014140   0x08014140   0x00000040   Data   RO        11299    .constdata          mc_w.l(ctype_c.o)
    0x08014180   0x08014180   0x0000000c   Data   RO          385    .conststring        freertos.o
    0x0801418c   0x0801418c   0x00000020   Data   RO        11301    Region$$Table       anon$$obj.o


    Execution Region RW_IRAM1 (Exec base: 0x20000000, Load base: 0x080141ac, Size: 0x00000000, Max: 0x00020000, ABSOLUTE)

    **** No section assigned to this execution region ****


    Execution Region RW_IRAM2 (Exec base: 0x24000000, Load base: 0x080141ac, Size: 0x00009740, Max: 0x00080000, ABSOLUTE, COMPRESSED[0x00000048])

    Exec Addr    Load Addr    Size         Type   Attr      Idx    E Section Name        Object

    0x24000000   COMPRESSED   0x00000014   Data   RW          386    .data               freertos.o
    0x24000014   COMPRESSED   0x00000009   Data   RW         4110    .data               stm32h7xx_hal.o
    0x2400001d   COMPRESSED   0x00000003   PAD
    0x24000020   COMPRESSED   0x00000008   Data   RW         5858    .data               system_stm32h7xx.o
    0x24000028   COMPRESSED   0x00000019   Data   RW         6042    .data               attention.o
    0x24000041   COMPRESSED   0x00000001   Data   RW         6086    .data               servo.o
    0x24000042   COMPRESSED   0x00000002   Data   RW         6127    .data               l431_uart.o
    0x24000044   COMPRESSED   0x00000035   Data   RW         6434    .data               inv_mpu.o
    0x24000079   COMPRESSED   0x00000003   PAD
    0x2400007c   COMPRESSED   0x00000008   Data   RW         6933    .data               3tof3motor.o
    0x24000084   COMPRESSED   0x0000004c   Data   RW         7143    .data               balance.o
    0x240000d0   COMPRESSED   0x0000003c   Data   RW         7874    .data               tasks.o
    0x2400010c   COMPRESSED   0x00000014   Data   RW         8216    .data               timers.o
    0x24000120   COMPRESSED   0x00000004   Data   RW         8450    .data               cmsis_os2.o
    0x24000124   COMPRESSED   0x00000020   Data   RW         8916    .data               heap_4.o
    0x24000144   COMPRESSED   0x0000000c   Data   RW         8972    .data               port.o
    0x24000150   COMPRESSED   0x00000020   Data   RW         9353    .data               vl53l1_api.o
    0x24000170   COMPRESSED   0x00000004   Data   RW        10909    .data               mc_w.l(stdout.o)
    0x24000174   COMPRESSED   0x00000004   Data   RW        11267    .data               mc_w.l(errno.o)
    0x24000178        -       0x00000064   Zero   RW          465    .bss                adc.o
    0x240001dc        -       0x00000054   Zero   RW          507    .bss                i2c.o
    0x24000230        -       0x00000088   Zero   RW          549    .bss                spi.o
    0x240002b8        -       0x00000098   Zero   RW          593    .bss                tim.o
    0x24000350        -       0x000001bc   Zero   RW          647    .bss                usart.o
    0x2400050c        -       0x0000004c   Zero   RW          799    .bss                stm32h7xx_hal_timebase_tim.o
    0x24000558        -       0x00000438   Zero   RW         6041    .bss                attention.o
    0x24000990        -       0x00000020   Zero   RW         6126    .bss                l431_uart.o
    0x240009b0        -       0x00000010   Zero   RW         6760    .bss                inv_mpu_dmp_motion_driver.o
    0x240009c0        -       0x00000748   Zero   RW         6932    .bss                3tof3motor.o
    0x24001108        -       0x00000030   Zero   RW         7142    .bss                balance.o
    0x24001138        -       0x00000040   Zero   RW         7439    .bss                queue.o
    0x24001178        -       0x000004c4   Zero   RW         7873    .bss                tasks.o
    0x2400163c        -       0x00000118   Zero   RW         8215    .bss                timers.o
    0x24001754        -       0x000006b8   Zero   RW         8449    .bss                cmsis_os2.o
    0x24001e0c        -       0x00007530   Zero   RW         8915    .bss                heap_4.o
    0x2400933c   COMPRESSED   0x00000004   PAD
    0x24009340        -       0x00000400   Zero   RW            1    STACK               startup_stm32h743xx.o


==============================================================================

Image component sizes


      Code (inc. data)   RO Data    RW Data    ZI Data      Debug   Object Name

      1316        684          0          8       1864      67689   3tof3motor.o
       312         24          0          0        100       1841   adc.o
       648         74          0         25       1080       2625   attention.o
      1780        518          0         76         48       4939   balance.o
       430         38          0          4       1720      70747   cmsis_os2.o
         0          0          0          0          0      19440   event_groups.o
       634        170         80         20          0       7381   freertos.o
       320         20          0          0          0       1063   gpio.o
       724         74          0         32      30000       4843   heap_4.o
       244         26          0          0         84       1713   i2c.o
       550         40          0          0          0       5419   iic.o
      6298        238         80         53          0      30185   inv_mpu.o
      3128        138       3062          0         16      20582   inv_mpu_dmp_motion_driver.o
       176         42          0          2         32      12109   l431_uart.o
       148          0          0          0          0       3542   list.o
       880        122          0          0          0    1390134   main.o
       608          0          0          0          0       6087   mpu6050.o
      1014         92          0         12          0      11641   port.o
      2012         20          0          0         64      18334   queue.o
       172         14          0          1          0       1656   servo.o
       284         20          0          0        136       1749   spi.o
        44         12        664          0       1024        836   startup_stm32h743xx.o
       184         38          0          9          0      22629   stm32h7xx_hal.o
      2520        230          0          0          0      69232   stm32h7xx_hal_adc.o
       376         20          0          0          0      63059   stm32h7xx_hal_adc_ex.o
       458         40          0          0          0      41360   stm32h7xx_hal_cortex.o
      2164         34          0          0          0       4203   stm32h7xx_hal_dma.o
       536         52          0          0          0       2779   stm32h7xx_hal_gpio.o
      2014         34          0          0          0      11714   stm32h7xx_hal_i2c.o
       210          0          0          0          0       1935   stm32h7xx_hal_i2c_ex.o
        48          6          0          0          0        806   stm32h7xx_hal_msp.o
        96          6          0          0          0        769   stm32h7xx_hal_pwr_ex.o
      3748        124          0          0          0    1255582   stm32h7xx_hal_rcc.o
      8084        186          0          0          0      10791   stm32h7xx_hal_rcc_ex.o
       458         12          0          0          0       2015   stm32h7xx_hal_spi.o
      2660        260          0          0          0      14301   stm32h7xx_hal_tim.o
       390         38          0          0          0       3968   stm32h7xx_hal_tim_ex.o
       160         20          0          0         76       1519   stm32h7xx_hal_timebase_tim.o
      5756        202         24          0          0      38262   stm32h7xx_hal_uart.o
       360         10         16          0          0       5406   stm32h7xx_hal_uart_ex.o
        70         18          0          0          0       4255   stm32h7xx_it.o
         0          0          0          0          0        400   stream_buffer.o
       332         46         16          8          0    1052382   system_stm32h7xx.o
      2808        346          0         60       1220      27306   tasks.o
       620         52          0          0        152       3204   tim.o
      1318        124          0         20        280      30287   timers.o
         0          0          0          0          0      63376   tof400c.o
       772         56          0          0        444       3196   usart.o
      2652         50          0         32          0      22563   vl53l1_api.o
      3830         82          0          0          0      22507   vl53l1_api_core.o
      1516          0          0          0          0      17287   vl53l1_api_preset_modes.o
      1782          0          0          0          0      22931   vl53l1_core.o
        72          0          0          0          0       2905   vl53l1_core_support.o
       368         18          0          0          0       5912   vl53l1_platform.o
      2562          0          0          0          0      15670   vl53l1_register_funcs.o
        66          0          0          0          0       1643   vl53l1_wait.o

    ----------------------------------------------------------------------
     70762       4470       3976        368      38344    4530709   Object Totals
         0          0         32          0          0          0   (incl. Generated)
        50          0          2          6          4          0   (incl. Padding)

    ----------------------------------------------------------------------

      Code (inc. data)   RO Data    RW Data    ZI Data      Debug   Library Member Name

       520         88         80          0          0        252   asin.o
       528        110        152          0          0        348   atan.o
       448         68          0          0          0        180   atan2.o
        60         28          0          0          0        464   dunder.o
        24          0          0          0          0        124   fabs.o
        48          0          0          0          0        124   fpclassify.o
       112          0          0          0          0        116   poly.o
         0          0          8          0          0          0   qnan.o
       106          0          0          0          0        140   sqrt.o
        58          0          0          0          0        136   sqrtf.o
        56          8          0          0          0         84   __0sscanf.o
        86          0          0          0          0          0   __dczerorl2.o
        28          0          0          0          0         68   _chval.o
       812          4          0          0          0        112   _scanf.o
       332          0          0          0          0         96   _scanf_int.o
        64          0          0          0          0         84   _sgetc.o
        40          6         64          0          0         68   ctype_c.o
         0          0          0          0          0          0   entry.o
         0          0          0          0          0          0   entry10a.o
         0          0          0          0          0          0   entry11a.o
         8          4          0          0          0          0   entry2.o
         4          0          0          0          0          0   entry5.o
         0          0          0          0          0          0   entry7b.o
         0          0          0          0          0          0   entry8b.o
         8          4          0          0          0          0   entry9a.o
        12          6          0          4          0         68   errno.o
        30          0          0          0          0          0   handlers.o
        36          8          0          0          0         68   init.o
        10          0          0          0          0         68   isspace_c.o
         0          0          0          0          0          0   iusefp.o
        98          0          0          0          0         84   ldiv.o
        30          0          0          0          0         68   llshl.o
        36          0          0          0          0         68   llsshr.o
        32          0          0          0          0         68   llushr.o
        26          0          0          0          0         80   memcmp.o
        36          0          0          0          0         68   memcpya.o
        36          0          0          0          0        108   memseta.o
      2308         96          0          0          0        604   printfa.o
        40          8          0          0          0         84   scanf_char.o
         0          0          0          4          0          0   stdout.o
        14          0          0          0          0         68   strlen.o
        44          0          0          0          0         80   uidiv.o
        98          0          0          0          0         92   uldiv.o
        48          0          0          0          0         68   cdrcmple.o
       334          0          0          0          0        148   dadd.o
       222          0          0          0          0        100   ddiv.o
       186          0          0          0          0        176   depilogue.o
        48          0          0          0          0         68   dfixul.o
       228          0          0          0          0         96   dmul.o

    ----------------------------------------------------------------------
      7306        438        304          8          0       4728   Library Totals
        12          0          0          0          0          0   (incl. Padding)

    ----------------------------------------------------------------------

      Code (inc. data)   RO Data    RW Data    ZI Data      Debug   Library Name

      1904        294        240          0          0       1884   m_wv.l
      4324        144         64          8          0       2188   mc_w.l
      1066          0          0          0          0        656   mf_w.l

    ----------------------------------------------------------------------
      7306        438        304          8          0       4728   Library Totals

    ----------------------------------------------------------------------

==============================================================================


      Code (inc. data)   RO Data    RW Data    ZI Data      Debug   

     78068       4908       4280        376      38344    4490013   Grand Totals
     78068       4908       4280         72      38344    4490013   ELF Image Totals (compressed)
     78068       4908       4280         72          0          0   ROM Totals

==============================================================================

    Total RO  Size (Code + RO Data)                82348 (  80.42kB)
    Total RW  Size (RW Data + ZI Data)             38720 (  37.81kB)
    Total ROM Size (Code + RO Data + RW Data)      82420 (  80.49kB)

==============================================================================

